2026-07-03 18:13:35,095 - root - INFO - Starting Cinema Kingdom Bot...
2026-07-03 18:15:48,173 - root - INFO - Starting Cinema Kingdom Bot...
2026-07-03 18:26:18,121 - root - INFO - Starting Cinema Kingdom Bot...
2026-07-03 18:27:55,505 - root - INFO - Starting Cinema Kingdom Bot...
2026-07-03 18:31:31,208 - root - INFO - Starting Cinema Kingdom Bot...
2026-07-03 18:51:46,180 - root - INFO - Starting Cinema Kingdom Bot...
2026-07-03 18:59:08,797 - root - INFO - Starting Cinema Kingdom Bot...
2026-07-03 19:03:19,907 - root - INFO - Starting Cinema Kingdom Bot...
2026-07-03 19:03:20,099 - apscheduler.scheduler - INFO - Adding job tentatively -- it will be properly scheduled when the scheduler starts
2026-07-03 19:03:20,099 - root - INFO - Bot is running...
2026-07-03 19:03:21,108 - httpx - INFO - HTTP Request: POST https://api.telegram.org/bot8980589702:AAFheR2QxP-2BXuEXSUw0tjWkc3pjrMOzrw/getMe "HTTP/1.1 200 OK"
2026-07-03 19:03:21,414 - httpx - INFO - HTTP Request: POST https://api.telegram.org/bot8980589702:AAFheR2QxP-2BXuEXSUw0tjWkc3pjrMOzrw/deleteWebhook "HTTP/1.1 200 OK"
2026-07-03 19:03:21,421 - apscheduler.scheduler - INFO - Added job "cleanup" to job store "default"
2026-07-03 19:03:21,421 - apscheduler.scheduler - INFO - Scheduler started
2026-07-03 19:03:21,422 - telegram.ext.Application - INFO - Application started
2026-07-03 19:03:22,209 - httpx - INFO - HTTP Request: POST https://api.telegram.org/bot8980589702:AAFheR2QxP-2BXuEXSUw0tjWkc3pjrMOzrw/getUpdates "HTTP/1.1 200 OK"
2026-07-03 19:03:22,803 - httpx - INFO - HTTP Request: POST https://api.telegram.org/bot8980589702:AAFheR2QxP-2BXuEXSUw0tjWkc3pjrMOzrw/sendMessage "HTTP/1.1 200 OK"
2026-07-03 19:03:30,107 - apscheduler.executors.default - INFO - Running job "cleanup (trigger: interval[0:01:00], next run at: 2026-07-03 13:34:30 UTC)" (scheduled at 2026-07-03 13:33:30.098777+00:00)
2026-07-03 19:03:30,163 - apscheduler.executors.default - INFO - Job "cleanup (trigger: interval[0:01:00], next run at: 2026-07-03 13:34:30 UTC)" executed successfully
2026-07-03 19:03:32,623 - httpx - INFO - HTTP Request: POST https://api.telegram.org/bot8980589702:AAFheR2QxP-2BXuEXSUw0tjWkc3pjrMOzrw/getUpdates "HTTP/1.1 200 OK"
2026-07-03 19:03:42,919 - httpx - INFO - HTTP Request: POST https://api.telegram.org/bot8980589702:AAFheR2QxP-2BXuEXSUw0tjWkc3pjrMOzrw/getUpdates "HTTP/1.1 200 OK"
2026-07-03 19:03:53,591 - httpx - INFO - HTTP Request: POST https://api.telegram.org/bot8980589702:AAFheR2QxP-2BXuEXSUw0tjWkc3pjrMOzrw/getUpdates "HTTP/1.1 200 OK"
2026-07-03 19:04:03,909 - httpx - INFO - HTTP Request: POST https://api.telegram.org/bot8980589702:AAFheR2QxP-2BXuEXSUw0tjWkc3pjrMOzrw/getUpdates "HTTP/1.1 200 OK"
2026-07-03 19:04:14,148 - httpx - INFO - HTTP Request: POST https://api.telegram.org/bot8980589702:AAFheR2QxP-2BXuEXSUw0tjWkc3pjrMOzrw/getUpdates "HTTP/1.1 200 OK"
2026-07-03 19:04:24,380 - httpx - INFO - HTTP Request: POST https://api.telegram.org/bot8980589702:AAFheR2QxP-2BXuEXSUw0tjWkc3pjrMOzrw/getUpdates "HTTP/1.1 200 OK"
2026-07-03 19:04:30,104 - apscheduler.executors.default - INFO - Running job "cleanup (trigger: interval[0:01:00], next run at: 2026-07-03 13:35:30 UTC)" (scheduled at 2026-07-03 13:34:30.098777+00:00)
2026-07-03 19:04:30,143 - apscheduler.executors.default - INFO - Job "cleanup (trigger: interval[0:01:00], next run at: 2026-07-03 13:35:30 UTC)" executed successfully
2026-07-03 19:04:34,601 - httpx - INFO - HTTP Request: POST https://api.telegram.org/bot8980589702:AAFheR2QxP-2BXuEXSUw0tjWkc3pjrMOzrw/getUpdates "HTTP/1.1 200 OK"
2026-07-03 19:04:44,817 - httpx - INFO - HTTP Request: POST https://api.telegram.org/bot8980589702:AAFheR2QxP-2BXuEXSUw0tjWkc3pjrMOzrw/getUpdates "HTTP/1.1 200 OK"
2026-07-03 19:04:47,139 - httpx - INFO - HTTP Request: POST https://api.telegram.org/bot8980589702:AAFheR2QxP-2BXuEXSUw0tjWkc3pjrMOzrw/getUpdates "HTTP/1.1 200 OK"
2026-07-03 19:04:48,098 - httpx - INFO - HTTP Request: POST https://api.telegram.org/bot8980589702:AAFheR2QxP-2BXuEXSUw0tjWkc3pjrMOzrw/sendMessage "HTTP/1.1 200 OK"
2026-07-03 19:04:52,183 - httpx - INFO - HTTP Request: POST https://api.telegram.org/bot8980589702:AAFheR2QxP-2BXuEXSUw0tjWkc3pjrMOzrw/getUpdates "HTTP/1.1 200 OK"
2026-07-03 19:04:52,582 - httpx - INFO - HTTP Request: POST https://api.telegram.org/bot8980589702:AAFheR2QxP-2BXuEXSUw0tjWkc3pjrMOzrw/sendMessage "HTTP/1.1 200 OK"
2026-07-03 19:04:57,802 - httpx - INFO - HTTP Request: POST https://api.telegram.org/bot8980589702:AAFheR2QxP-2BXuEXSUw0tjWkc3pjrMOzrw/getUpdates "HTTP/1.1 200 OK"
2026-07-03 19:04:58,574 - httpx - INFO - HTTP Request: POST https://api.telegram.org/bot8980589702:AAFheR2QxP-2BXuEXSUw0tjWkc3pjrMOzrw/sendMessage "HTTP/1.1 200 OK"
2026-07-03 19:05:01,265 - httpx - INFO - HTTP Request: POST https://api.telegram.org/bot8980589702:AAFheR2QxP-2BXuEXSUw0tjWkc3pjrMOzrw/getUpdates "HTTP/1.1 200 OK"
2026-07-03 19:05:01,647 - httpx - INFO - HTTP Request: POST https://api.telegram.org/bot8980589702:AAFheR2QxP-2BXuEXSUw0tjWkc3pjrMOzrw/sendMessage "HTTP/1.1 200 OK"
2026-07-03 19:05:05,130 - httpx - INFO - HTTP Request: POST https://api.telegram.org/bot8980589702:AAFheR2QxP-2BXuEXSUw0tjWkc3pjrMOzrw/getUpdates "HTTP/1.1 200 OK"
2026-07-03 19:05:05,501 - httpx - INFO - HTTP Request: POST https://api.telegram.org/bot8980589702:AAFheR2QxP-2BXuEXSUw0tjWkc3pjrMOzrw/sendMessage "HTTP/1.1 200 OK"
2026-07-03 19:05:15,385 - httpx - INFO - HTTP Request: POST https://api.telegram.org/bot8980589702:AAFheR2QxP-2BXuEXSUw0tjWkc3pjrMOzrw/getUpdates "HTTP/1.1 200 OK"
2026-07-03 19:05:24,241 - httpx - INFO - HTTP Request: POST https://api.telegram.org/bot8980589702:AAFheR2QxP-2BXuEXSUw0tjWkc3pjrMOzrw/getUpdates "HTTP/1.1 200 OK"
2026-07-03 19:05:25,170 - httpx - INFO - HTTP Request: POST https://api.telegram.org/bot8980589702:AAFheR2QxP-2BXuEXSUw0tjWkc3pjrMOzrw/sendMessage "HTTP/1.1 200 OK"
2026-07-03 19:05:30,104 - apscheduler.executors.default - INFO - Running job "cleanup (trigger: interval[0:01:00], next run at: 2026-07-03 13:36:30 UTC)" (scheduled at 2026-07-03 13:35:30.098777+00:00)
2026-07-03 19:05:30,155 - apscheduler.executors.default - INFO - Job "cleanup (trigger: interval[0:01:00], next run at: 2026-07-03 13:36:30 UTC)" executed successfully
2026-07-03 19:05:34,459 - httpx - INFO - HTTP Request: POST https://api.telegram.org/bot8980589702:AAFheR2QxP-2BXuEXSUw0tjWkc3pjrMOzrw/getUpdates "HTTP/1.1 200 OK"
2026-07-03 19:05:40,253 - httpx - INFO - HTTP Request: POST https://api.telegram.org/bot8980589702:AAFheR2QxP-2BXuEXSUw0tjWkc3pjrMOzrw/getUpdates "HTTP/1.1 200 OK"
2026-07-03 19:05:40,689 - root - INFO - Request added to sheet: user_id=8946393148, username=MrArindamChakraborty, movie=Bahubali 1, timestamp=2026-07-03 19:05:40
2026-07-03 19:05:41,741 - httpx - INFO - HTTP Request: POST https://api.telegram.org/bot8980589702:AAFheR2QxP-2BXuEXSUw0tjWkc3pjrMOzrw/sendMessage "HTTP/1.1 200 OK"
2026-07-03 19:05:50,959 - httpx - INFO - HTTP Request: POST https://api.telegram.org/bot8980589702:AAFheR2QxP-2BXuEXSUw0tjWkc3pjrMOzrw/getUpdates "HTTP/1.1 200 OK"
2026-07-03 19:06:01,260 - httpx - INFO - HTTP Request: POST https://api.telegram.org/bot8980589702:AAFheR2QxP-2BXuEXSUw0tjWkc3pjrMOzrw/getUpdates "HTTP/1.1 200 OK"
2026-07-03 19:06:11,535 - httpx - INFO - HTTP Request: POST https://api.telegram.org/bot8980589702:AAFheR2QxP-2BXuEXSUw0tjWkc3pjrMOzrw/getUpdates "HTTP/1.1 200 OK"
2026-07-03 19:06:21,843 - httpx - INFO - HTTP Request: POST https://api.telegram.org/bot8980589702:AAFheR2QxP-2BXuEXSUw0tjWkc3pjrMOzrw/getUpdates "HTTP/1.1 200 OK"
2026-07-03 19:06:30,109 - apscheduler.executors.default - INFO - Running job "cleanup (trigger: interval[0:01:00], next run at: 2026-07-03 13:37:30 UTC)" (scheduled at 2026-07-03 13:36:30.098777+00:00)
2026-07-03 19:06:30,145 - apscheduler.executors.default - INFO - Job "cleanup (trigger: interval[0:01:00], next run at: 2026-07-03 13:37:30 UTC)" executed successfully
2026-07-03 19:06:32,185 - httpx - INFO - HTTP Request: POST https://api.telegram.org/bot8980589702:AAFheR2QxP-2BXuEXSUw0tjWkc3pjrMOzrw/getUpdates "HTTP/1.1 200 OK"
2026-07-03 19:06:42,542 - httpx - INFO - HTTP Request: POST https://api.telegram.org/bot8980589702:AAFheR2QxP-2BXuEXSUw0tjWkc3pjrMOzrw/getUpdates "HTTP/1.1 200 OK"
2026-07-03 19:06:45,955 - httpx - INFO - HTTP Request: POST https://api.telegram.org/bot8980589702:AAFheR2QxP-2BXuEXSUw0tjWkc3pjrMOzrw/getUpdates "HTTP/1.1 200 OK"
2026-07-03 19:06:56,248 - httpx - INFO - HTTP Request: POST https://api.telegram.org/bot8980589702:AAFheR2QxP-2BXuEXSUw0tjWkc3pjrMOzrw/getUpdates "HTTP/1.1 200 OK"
2026-07-03 19:06:58,406 - httpx - INFO - HTTP Request: POST https://api.telegram.org/bot8980589702:AAFheR2QxP-2BXuEXSUw0tjWkc3pjrMOzrw/getUpdates "HTTP/1.1 200 OK"
2026-07-03 19:06:59,512 - httpx - INFO - HTTP Request: POST https://api.telegram.org/bot8980589702:AAFheR2QxP-2BXuEXSUw0tjWkc3pjrMOzrw/sendMessage "HTTP/1.1 200 OK"
2026-07-03 19:07:01,403 - httpx - INFO - HTTP Request: POST https://api.telegram.org/bot8980589702:AAFheR2QxP-2BXuEXSUw0tjWkc3pjrMOzrw/getUpdates "HTTP/1.1 200 OK"
2026-07-03 19:07:02,055 - httpx - INFO - HTTP Request: POST https://api.telegram.org/bot8980589702:AAFheR2QxP-2BXuEXSUw0tjWkc3pjrMOzrw/sendMessage "HTTP/1.1 200 OK"
2026-07-03 19:07:11,711 - httpx - INFO - HTTP Request: POST https://api.telegram.org/bot8980589702:AAFheR2QxP-2BXuEXSUw0tjWkc3pjrMOzrw/getUpdates "HTTP/1.1 200 OK"
2026-07-03 19:07:22,056 - httpx - INFO - HTTP Request: POST https://api.telegram.org/bot8980589702:AAFheR2QxP-2BXuEXSUw0tjWkc3pjrMOzrw/getUpdates "HTTP/1.1 200 OK"
2026-07-03 19:07:30,108 - apscheduler.executors.default - INFO - Running job "cleanup (trigger: interval[0:01:00], next run at: 2026-07-03 13:38:30 UTC)" (scheduled at 2026-07-03 13:37:30.098777+00:00)
2026-07-03 19:07:30,158 - apscheduler.executors.default - INFO - Job "cleanup (trigger: interval[0:01:00], next run at: 2026-07-03 13:38:30 UTC)" executed successfully
2026-07-03 19:07:32,397 - httpx - INFO - HTTP Request: POST https://api.telegram.org/bot8980589702:AAFheR2QxP-2BXuEXSUw0tjWkc3pjrMOzrw/getUpdates "HTTP/1.1 200 OK"
2026-07-03 19:07:42,644 - httpx - INFO - HTTP Request: POST https://api.telegram.org/bot8980589702:AAFheR2QxP-2BXuEXSUw0tjWkc3pjrMOzrw/getUpdates "HTTP/1.1 200 OK"
2026-07-03 19:07:53,116 - httpx - INFO - HTTP Request: POST https://api.telegram.org/bot8980589702:AAFheR2QxP-2BXuEXSUw0tjWkc3pjrMOzrw/getUpdates "HTTP/1.1 200 OK"
2026-07-03 19:08:03,384 - httpx - INFO - HTTP Request: POST https://api.telegram.org/bot8980589702:AAFheR2QxP-2BXuEXSUw0tjWkc3pjrMOzrw/getUpdates "HTTP/1.1 200 OK"
2026-07-03 19:08:13,768 - httpx - INFO - HTTP Request: POST https://api.telegram.org/bot8980589702:AAFheR2QxP-2BXuEXSUw0tjWkc3pjrMOzrw/getUpdates "HTTP/1.1 200 OK"
2026-07-03 19:08:24,033 - httpx - INFO - HTTP Request: POST https://api.telegram.org/bot8980589702:AAFheR2QxP-2BXuEXSUw0tjWkc3pjrMOzrw/getUpdates "HTTP/1.1 200 OK"
2026-07-03 19:08:30,105 - apscheduler.executors.default - INFO - Running job "cleanup (trigger: interval[0:01:00], next run at: 2026-07-03 13:39:30 UTC)" (scheduled at 2026-07-03 13:38:30.098777+00:00)
2026-07-03 19:08:30,151 - apscheduler.executors.default - INFO - Job "cleanup (trigger: interval[0:01:00], next run at: 2026-07-03 13:39:30 UTC)" executed successfully
2026-07-03 19:08:34,349 - httpx - INFO - HTTP Request: POST https://api.telegram.org/bot8980589702:AAFheR2QxP-2BXuEXSUw0tjWkc3pjrMOzrw/getUpdates "HTTP/1.1 200 OK"
2026-07-03 19:08:36,617 - httpx - INFO - HTTP Request: POST https://api.telegram.org/bot8980589702:AAFheR2QxP-2BXuEXSUw0tjWkc3pjrMOzrw/getUpdates "HTTP/1.1 200 OK"
2026-07-03 19:08:46,944 - httpx - INFO - HTTP Request: POST https://api.telegram.org/bot8980589702:AAFheR2QxP-2BXuEXSUw0tjWkc3pjrMOzrw/getUpdates "HTTP/1.1 200 OK"
2026-07-03 19:08:49,175 - httpx - INFO - HTTP Request: POST https://api.telegram.org/bot8980589702:AAFheR2QxP-2BXuEXSUw0tjWkc3pjrMOzrw/getUpdates "HTTP/1.1 200 OK"
2026-07-03 19:08:49,506 - httpx - INFO - HTTP Request: POST https://api.telegram.org/bot8980589702:AAFheR2QxP-2BXuEXSUw0tjWkc3pjrMOzrw/getUpdates "HTTP/1.1 200 OK"
2026-07-03 19:08:54,344 - httpx - INFO - HTTP Request: POST https://api.telegram.org/bot8980589702:AAFheR2QxP-2BXuEXSUw0tjWkc3pjrMOzrw/getUpdates "HTTP/1.1 200 OK"
2026-07-03 19:09:00,482 - httpx - INFO - HTTP Request: POST https://api.telegram.org/bot8980589702:AAFheR2QxP-2BXuEXSUw0tjWkc3pjrMOzrw/getUpdates "HTTP/1.1 200 OK"
2026-07-03 19:09:01,523 - httpx - INFO - HTTP Request: POST https://api.telegram.org/bot8980589702:AAFheR2QxP-2BXuEXSUw0tjWkc3pjrMOzrw/sendMessage "HTTP/1.1 200 OK"
2026-07-03 19:09:10,806 - httpx - INFO - HTTP Request: POST https://api.telegram.org/bot8980589702:AAFheR2QxP-2BXuEXSUw0tjWkc3pjrMOzrw/getUpdates "HTTP/1.1 200 OK"
2026-07-03 19:09:11,720 - httpx - INFO - HTTP Request: POST https://api.telegram.org/bot8980589702:AAFheR2QxP-2BXuEXSUw0tjWkc3pjrMOzrw/getUpdates "HTTP/1.1 200 OK"
2026-07-03 19:09:12,843 - httpx - INFO - HTTP Request: POST https://api.telegram.org/bot8980589702:AAFheR2QxP-2BXuEXSUw0tjWkc3pjrMOzrw/sendMessage "HTTP/1.1 200 OK"
2026-07-03 19:09:21,956 - httpx - INFO - HTTP Request: POST https://api.telegram.org/bot8980589702:AAFheR2QxP-2BXuEXSUw0tjWkc3pjrMOzrw/getUpdates "HTTP/1.1 200 OK"
2026-07-03 19:09:30,107 - apscheduler.executors.default - INFO - Running job "cleanup (trigger: interval[0:01:00], next run at: 2026-07-03 13:40:30 UTC)" (scheduled at 2026-07-03 13:39:30.098777+00:00)
2026-07-03 19:09:30,154 - apscheduler.executors.default - INFO - Job "cleanup (trigger: interval[0:01:00], next run at: 2026-07-03 13:40:30 UTC)" executed successfully
2026-07-03 19:09:32,214 - httpx - INFO - HTTP Request: POST https://api.telegram.org/bot8980589702:AAFheR2QxP-2BXuEXSUw0tjWkc3pjrMOzrw/getUpdates "HTTP/1.1 200 OK"
2026-07-03 19:09:42,494 - httpx - INFO - HTTP Request: POST https://api.telegram.org/bot8980589702:AAFheR2QxP-2BXuEXSUw0tjWkc3pjrMOzrw/getUpdates "HTTP/1.1 200 OK"
2026-07-03 19:09:52,787 - httpx - INFO - HTTP Request: POST https://api.telegram.org/bot8980589702:AAFheR2QxP-2BXuEXSUw0tjWkc3pjrMOzrw/getUpdates "HTTP/1.1 200 OK"
2026-07-03 19:10:03,443 - httpx - INFO - HTTP Request: POST https://api.telegram.org/bot8980589702:AAFheR2QxP-2BXuEXSUw0tjWkc3pjrMOzrw/getUpdates "HTTP/1.1 200 OK"
2026-07-03 19:10:14,088 - httpx - INFO - HTTP Request: POST https://api.telegram.org/bot8980589702:AAFheR2QxP-2BXuEXSUw0tjWkc3pjrMOzrw/getUpdates "HTTP/1.1 200 OK"
2026-07-03 19:10:24,329 - httpx - INFO - HTTP Request: POST https://api.telegram.org/bot8980589702:AAFheR2QxP-2BXuEXSUw0tjWkc3pjrMOzrw/getUpdates "HTTP/1.1 200 OK"
2026-07-03 19:10:30,107 - apscheduler.executors.default - INFO - Running job "cleanup (trigger: interval[0:01:00], next run at: 2026-07-03 13:41:30 UTC)" (scheduled at 2026-07-03 13:40:30.098777+00:00)
2026-07-03 19:10:30,143 - apscheduler.executors.default - INFO - Job "cleanup (trigger: interval[0:01:00], next run at: 2026-07-03 13:41:30 UTC)" executed successfully
2026-07-03 19:10:34,618 - httpx - INFO - HTTP Request: POST https://api.telegram.org/bot8980589702:AAFheR2QxP-2BXuEXSUw0tjWkc3pjrMOzrw/getUpdates "HTTP/1.1 200 OK"
2026-07-03 19:10:44,837 - httpx - INFO - HTTP Request: POST https://api.telegram.org/bot8980589702:AAFheR2QxP-2BXuEXSUw0tjWkc3pjrMOzrw/getUpdates "HTTP/1.1 200 OK"
2026-07-03 19:10:55,259 - httpx - INFO - HTTP Request: POST https://api.telegram.org/bot8980589702:AAFheR2QxP-2BXuEXSUw0tjWkc3pjrMOzrw/getUpdates "HTTP/1.1 200 OK"
2026-07-03 19:11:05,503 - httpx - INFO - HTTP Request: POST https://api.telegram.org/bot8980589702:AAFheR2QxP-2BXuEXSUw0tjWkc3pjrMOzrw/getUpdates "HTTP/1.1 200 OK"
2026-07-03 19:11:15,937 - httpx - INFO - HTTP Request: POST https://api.telegram.org/bot8980589702:AAFheR2QxP-2BXuEXSUw0tjWkc3pjrMOzrw/getUpdates "HTTP/1.1 200 OK"
2026-07-03 19:11:26,211 - httpx - INFO - HTTP Request: POST https://api.telegram.org/bot8980589702:AAFheR2QxP-2BXuEXSUw0tjWkc3pjrMOzrw/getUpdates "HTTP/1.1 200 OK"
2026-07-03 19:11:30,103 - apscheduler.executors.default - INFO - Running job "cleanup (trigger: interval[0:01:00], next run at: 2026-07-03 13:42:30 UTC)" (scheduled at 2026-07-03 13:41:30.098777+00:00)
2026-07-03 19:11:30,151 - apscheduler.executors.default - INFO - Job "cleanup (trigger: interval[0:01:00], next run at: 2026-07-03 13:42:30 UTC)" executed successfully
2026-07-03 19:11:36,632 - httpx - INFO - HTTP Request: POST https://api.telegram.org/bot8980589702:AAFheR2QxP-2BXuEXSUw0tjWkc3pjrMOzrw/getUpdates "HTTP/1.1 200 OK"
2026-07-03 19:11:46,871 - httpx - INFO - HTTP Request: POST https://api.telegram.org/bot8980589702:AAFheR2QxP-2BXuEXSUw0tjWkc3pjrMOzrw/getUpdates "HTTP/1.1 200 OK"
2026-07-03 19:11:57,212 - httpx - INFO - HTTP Request: POST https://api.telegram.org/bot8980589702:AAFheR2QxP-2BXuEXSUw0tjWkc3pjrMOzrw/getUpdates "HTTP/1.1 200 OK"
2026-07-03 19:12:07,447 - httpx - INFO - HTTP Request: POST https://api.telegram.org/bot8980589702:AAFheR2QxP-2BXuEXSUw0tjWkc3pjrMOzrw/getUpdates "HTTP/1.1 200 OK"
2026-07-03 19:12:18,001 - httpx - INFO - HTTP Request: POST https://api.telegram.org/bot8980589702:AAFheR2QxP-2BXuEXSUw0tjWkc3pjrMOzrw/getUpdates "HTTP/1.1 200 OK"
2026-07-03 19:12:28,241 - httpx - INFO - HTTP Request: POST https://api.telegram.org/bot8980589702:AAFheR2QxP-2BXuEXSUw0tjWkc3pjrMOzrw/getUpdates "HTTP/1.1 200 OK"
2026-07-03 19:12:30,102 - apscheduler.executors.default - INFO - Running job "cleanup (trigger: interval[0:01:00], next run at: 2026-07-03 13:43:30 UTC)" (scheduled at 2026-07-03 13:42:30.098777+00:00)
2026-07-03 19:12:30,174 - apscheduler.executors.default - INFO - Job "cleanup (trigger: interval[0:01:00], next run at: 2026-07-03 13:43:30 UTC)" executed successfully
2026-07-03 19:12:38,573 - httpx - INFO - HTTP Request: POST https://api.telegram.org/bot8980589702:AAFheR2QxP-2BXuEXSUw0tjWkc3pjrMOzrw/getUpdates "HTTP/1.1 200 OK"
2026-07-03 19:12:48,816 - httpx - INFO - HTTP Request: POST https://api.telegram.org/bot8980589702:AAFheR2QxP-2BXuEXSUw0tjWkc3pjrMOzrw/getUpdates "HTTP/1.1 200 OK"
2026-07-03 19:12:55,784 - httpx - INFO - HTTP Request: POST https://api.telegram.org/bot8980589702:AAFheR2QxP-2BXuEXSUw0tjWkc3pjrMOzrw/getUpdates "HTTP/1.1 200 OK"
2026-07-03 19:12:55,788 - telegram.ext.Application - INFO - Application is stopping. This might take a moment.
2026-07-03 19:12:55,790 - apscheduler.scheduler - INFO - Scheduler has been shut down
2026-07-03 19:12:55,801 - telegram.ext.Application - INFO - Application.stop() complete
2026-07-03 19:18:02,086 - root - INFO - Starting Cinema Kingdom Bot...
2026-07-03 19:18:02,317 - apscheduler.scheduler - INFO - Adding job tentatively -- it will be properly scheduled when the scheduler starts
2026-07-03 19:18:02,317 - root - INFO - Bot is running...
2026-07-03 19:18:02,940 - httpx - INFO - HTTP Request: POST https://api.telegram.org/bot8980589702:AAFheR2QxP-2BXuEXSUw0tjWkc3pjrMOzrw/getMe "HTTP/1.1 200 OK"
2026-07-03 19:18:03,133 - httpx - INFO - HTTP Request: POST https://api.telegram.org/bot8980589702:AAFheR2QxP-2BXuEXSUw0tjWkc3pjrMOzrw/deleteWebhook "HTTP/1.1 200 OK"
2026-07-03 19:18:03,138 - apscheduler.scheduler - INFO - Added job "cleanup" to job store "default"
2026-07-03 19:18:03,138 - apscheduler.scheduler - INFO - Scheduler started
2026-07-03 19:18:03,139 - telegram.ext.Application - INFO - Application started
2026-07-03 19:18:12,323 - apscheduler.executors.default - INFO - Running job "cleanup (trigger: interval[0:01:00], next run at: 2026-07-03 13:49:12 UTC)" (scheduled at 2026-07-03 13:48:12.313770+00:00)
2026-07-03 19:18:12,369 - apscheduler.executors.default - INFO - Job "cleanup (trigger: interval[0:01:00], next run at: 2026-07-03 13:49:12 UTC)" executed successfully
2026-07-03 19:18:13,030 - httpx - INFO - HTTP Request: POST https://api.telegram.org/bot8980589702:AAFheR2QxP-2BXuEXSUw0tjWkc3pjrMOzrw/getUpdates "HTTP/1.1 200 OK"
2026-07-03 19:18:13,804 - httpx - INFO - HTTP Request: POST https://api.telegram.org/bot8980589702:AAFheR2QxP-2BXuEXSUw0tjWkc3pjrMOzrw/sendMessage "HTTP/1.1 200 OK"
2026-07-03 19:18:23,256 - httpx - INFO - HTTP Request: POST https://api.telegram.org/bot8980589702:AAFheR2QxP-2BXuEXSUw0tjWkc3pjrMOzrw/getUpdates "HTTP/1.1 200 OK"
2026-07-03 19:18:26,410 - httpx - INFO - HTTP Request: POST https://api.telegram.org/bot8980589702:AAFheR2QxP-2BXuEXSUw0tjWkc3pjrMOzrw/getUpdates "HTTP/1.1 200 OK"
2026-07-03 19:18:27,443 - httpx - INFO - HTTP Request: POST https://api.telegram.org/bot8980589702:AAFheR2QxP-2BXuEXSUw0tjWkc3pjrMOzrw/sendMessage "HTTP/1.1 200 OK"
2026-07-03 19:18:27,825 - httpx - INFO - HTTP Request: POST https://api.telegram.org/bot8980589702:AAFheR2QxP-2BXuEXSUw0tjWkc3pjrMOzrw/sendMessage "HTTP/1.1 200 OK"
2026-07-03 19:18:36,879 - httpx - INFO - HTTP Request: POST https://api.telegram.org/bot8980589702:AAFheR2QxP-2BXuEXSUw0tjWkc3pjrMOzrw/getUpdates "HTTP/1.1 200 OK"
2026-07-03 19:18:47,118 - httpx - INFO - HTTP Request: POST https://api.telegram.org/bot8980589702:AAFheR2QxP-2BXuEXSUw0tjWkc3pjrMOzrw/getUpdates "HTTP/1.1 200 OK"
2026-07-03 19:18:57,360 - httpx - INFO - HTTP Request: POST https://api.telegram.org/bot8980589702:AAFheR2QxP-2BXuEXSUw0tjWkc3pjrMOzrw/getUpdates "HTTP/1.1 200 OK"
2026-07-03 19:19:07,552 - httpx - INFO - HTTP Request: POST https://api.telegram.org/bot8980589702:AAFheR2QxP-2BXuEXSUw0tjWkc3pjrMOzrw/getUpdates "HTTP/1.1 200 OK"
2026-07-03 19:19:11,157 - httpx - INFO - HTTP Request: POST https://api.telegram.org/bot8980589702:AAFheR2QxP-2BXuEXSUw0tjWkc3pjrMOzrw/getUpdates "HTTP/1.1 200 OK"
2026-07-03 19:19:12,317 - apscheduler.executors.default - INFO - Running job "cleanup (trigger: interval[0:01:00], next run at: 2026-07-03 13:50:12 UTC)" (scheduled at 2026-07-03 13:49:12.313770+00:00)
2026-07-03 19:19:12,356 - apscheduler.executors.default - INFO - Job "cleanup (trigger: interval[0:01:00], next run at: 2026-07-03 13:50:12 UTC)" executed successfully
2026-07-03 19:19:21,391 - httpx - INFO - HTTP Request: POST https://api.telegram.org/bot8980589702:AAFheR2QxP-2BXuEXSUw0tjWkc3pjrMOzrw/getUpdates "HTTP/1.1 200 OK"
2026-07-03 19:19:31,671 - httpx - INFO - HTTP Request: POST https://api.telegram.org/bot8980589702:AAFheR2QxP-2BXuEXSUw0tjWkc3pjrMOzrw/getUpdates "HTTP/1.1 200 OK"
2026-07-03 19:19:41,093 - httpx - INFO - HTTP Request: POST https://api.telegram.org/bot8980589702:AAFheR2QxP-2BXuEXSUw0tjWkc3pjrMOzrw/getUpdates "HTTP/1.1 200 OK"
2026-07-03 19:19:51,323 - httpx - INFO - HTTP Request: POST https://api.telegram.org/bot8980589702:AAFheR2QxP-2BXuEXSUw0tjWkc3pjrMOzrw/getUpdates "HTTP/1.1 200 OK"
2026-07-03 19:19:58,799 - httpx - INFO - HTTP Request: POST https://api.telegram.org/bot8980589702:AAFheR2QxP-2BXuEXSUw0tjWkc3pjrMOzrw/getUpdates "HTTP/1.1 200 OK"
2026-07-03 19:19:59,619 - httpx - INFO - HTTP Request: POST https://api.telegram.org/bot8980589702:AAFheR2QxP-2BXuEXSUw0tjWkc3pjrMOzrw/sendMessage "HTTP/1.1 200 OK"
2026-07-03 19:20:09,047 - httpx - INFO - HTTP Request: POST https://api.telegram.org/bot8980589702:AAFheR2QxP-2BXuEXSUw0tjWkc3pjrMOzrw/getUpdates "HTTP/1.1 200 OK"
2026-07-03 19:20:12,318 - apscheduler.executors.default - INFO - Running job "cleanup (trigger: interval[0:01:00], next run at: 2026-07-03 13:51:12 UTC)" (scheduled at 2026-07-03 13:50:12.313770+00:00)
2026-07-03 19:20:12,353 - apscheduler.executors.default - INFO - Job "cleanup (trigger: interval[0:01:00], next run at: 2026-07-03 13:51:12 UTC)" executed successfully
2026-07-03 19:20:19,380 - httpx - INFO - HTTP Request: POST https://api.telegram.org/bot8980589702:AAFheR2QxP-2BXuEXSUw0tjWkc3pjrMOzrw/getUpdates "HTTP/1.1 200 OK"
2026-07-03 19:20:29,621 - httpx - INFO - HTTP Request: POST https://api.telegram.org/bot8980589702:AAFheR2QxP-2BXuEXSUw0tjWkc3pjrMOzrw/getUpdates "HTTP/1.1 200 OK"
2026-07-03 19:20:39,867 - httpx - INFO - HTTP Request: POST https://api.telegram.org/bot8980589702:AAFheR2QxP-2BXuEXSUw0tjWkc3pjrMOzrw/getUpdates "HTTP/1.1 200 OK"
2026-07-03 19:20:50,104 - httpx - INFO - HTTP Request: POST https://api.telegram.org/bot8980589702:AAFheR2QxP-2BXuEXSUw0tjWkc3pjrMOzrw/getUpdates "HTTP/1.1 200 OK"
2026-07-03 19:21:00,446 - httpx - INFO - HTTP Request: POST https://api.telegram.org/bot8980589702:AAFheR2QxP-2BXuEXSUw0tjWkc3pjrMOzrw/getUpdates "HTTP/1.1 200 OK"
2026-07-03 19:21:10,695 - httpx - INFO - HTTP Request: POST https://api.telegram.org/bot8980589702:AAFheR2QxP-2BXuEXSUw0tjWkc3pjrMOzrw/getUpdates "HTTP/1.1 200 OK"
2026-07-03 19:21:12,316 - apscheduler.executors.default - INFO - Running job "cleanup (trigger: interval[0:01:00], next run at: 2026-07-03 13:52:12 UTC)" (scheduled at 2026-07-03 13:51:12.313770+00:00)
2026-07-03 19:21:12,354 - apscheduler.executors.default - INFO - Job "cleanup (trigger: interval[0:01:00], next run at: 2026-07-03 13:52:12 UTC)" executed successfully
2026-07-03 19:21:18,476 - httpx - INFO - HTTP Request: POST https://api.telegram.org/bot8980589702:AAFheR2QxP-2BXuEXSUw0tjWkc3pjrMOzrw/getUpdates "HTTP/1.1 200 OK"
2026-07-03 19:21:28,708 - httpx - INFO - HTTP Request: POST https://api.telegram.org/bot8980589702:AAFheR2QxP-2BXuEXSUw0tjWkc3pjrMOzrw/getUpdates "HTTP/1.1 200 OK"
2026-07-03 19:21:34,964 - httpx - INFO - HTTP Request: POST https://api.telegram.org/bot8980589702:AAFheR2QxP-2BXuEXSUw0tjWkc3pjrMOzrw/getUpdates "HTTP/1.1 200 OK"
2026-07-03 19:21:35,822 - httpx - INFO - HTTP Request: POST https://api.telegram.org/bot8980589702:AAFheR2QxP-2BXuEXSUw0tjWkc3pjrMOzrw/sendMessage "HTTP/1.1 200 OK"
2026-07-03 19:21:45,193 - httpx - INFO - HTTP Request: POST https://api.telegram.org/bot8980589702:AAFheR2QxP-2BXuEXSUw0tjWkc3pjrMOzrw/getUpdates "HTTP/1.1 200 OK"
2026-07-03 19:21:55,386 - httpx - INFO - HTTP Request: POST https://api.telegram.org/bot8980589702:AAFheR2QxP-2BXuEXSUw0tjWkc3pjrMOzrw/getUpdates "HTTP/1.1 200 OK"
2026-07-03 19:22:05,588 - httpx - INFO - HTTP Request: POST https://api.telegram.org/bot8980589702:AAFheR2QxP-2BXuEXSUw0tjWkc3pjrMOzrw/getUpdates "HTTP/1.1 200 OK"
2026-07-03 19:22:12,318 - apscheduler.executors.default - INFO - Running job "cleanup (trigger: interval[0:01:00], next run at: 2026-07-03 13:53:12 UTC)" (scheduled at 2026-07-03 13:52:12.313770+00:00)
2026-07-03 19:22:12,358 - apscheduler.executors.default - INFO - Job "cleanup (trigger: interval[0:01:00], next run at: 2026-07-03 13:53:12 UTC)" executed successfully
2026-07-03 19:22:15,810 - httpx - INFO - HTTP Request: POST https://api.telegram.org/bot8980589702:AAFheR2QxP-2BXuEXSUw0tjWkc3pjrMOzrw/getUpdates "HTTP/1.1 200 OK"
2026-07-03 19:22:26,051 - httpx - INFO - HTTP Request: POST https://api.telegram.org/bot8980589702:AAFheR2QxP-2BXuEXSUw0tjWkc3pjrMOzrw/getUpdates "HTTP/1.1 200 OK"
2026-07-03 19:22:36,292 - httpx - INFO - HTTP Request: POST https://api.telegram.org/bot8980589702:AAFheR2QxP-2BXuEXSUw0tjWkc3pjrMOzrw/getUpdates "HTTP/1.1 200 OK"
2026-07-03 19:22:46,534 - httpx - INFO - HTTP Request: POST https://api.telegram.org/bot8980589702:AAFheR2QxP-2BXuEXSUw0tjWkc3pjrMOzrw/getUpdates "HTTP/1.1 200 OK"
2026-07-03 19:22:56,762 - httpx - INFO - HTTP Request: POST https://api.telegram.org/bot8980589702:AAFheR2QxP-2BXuEXSUw0tjWkc3pjrMOzrw/getUpdates "HTTP/1.1 200 OK"
2026-07-03 19:23:07,218 - httpx - INFO - HTTP Request: POST https://api.telegram.org/bot8980589702:AAFheR2QxP-2BXuEXSUw0tjWkc3pjrMOzrw/getUpdates "HTTP/1.1 200 OK"
2026-07-03 19:23:12,329 - apscheduler.executors.default - INFO - Running job "cleanup (trigger: interval[0:01:00], next run at: 2026-07-03 13:54:12 UTC)" (scheduled at 2026-07-03 13:53:12.313770+00:00)
2026-07-03 19:23:12,370 - apscheduler.executors.default - INFO - Job "cleanup (trigger: interval[0:01:00], next run at: 2026-07-03 13:54:12 UTC)" executed successfully
2026-07-03 19:23:17,465 - httpx - INFO - HTTP Request: POST https://api.telegram.org/bot8980589702:AAFheR2QxP-2BXuEXSUw0tjWkc3pjrMOzrw/getUpdates "HTTP/1.1 200 OK"
2026-07-03 19:23:27,695 - httpx - INFO - HTTP Request: POST https://api.telegram.org/bot8980589702:AAFheR2QxP-2BXuEXSUw0tjWkc3pjrMOzrw/getUpdates "HTTP/1.1 200 OK"
2026-07-03 19:23:32,833 - httpx - INFO - HTTP Request: POST https://api.telegram.org/bot8980589702:AAFheR2QxP-2BXuEXSUw0tjWkc3pjrMOzrw/getUpdates "HTTP/1.1 200 OK"
2026-07-03 19:23:32,836 - telegram.ext.Application - INFO - Application is stopping. This might take a moment.
2026-07-03 19:23:32,837 - apscheduler.scheduler - INFO - Scheduler has been shut down
2026-07-03 19:23:32,848 - telegram.ext.Application - INFO - Application.stop() complete
2026-07-03 19:23:41,487 - root - INFO - Starting Cinema Kingdom Bot...
2026-07-03 19:23:41,675 - apscheduler.scheduler - INFO - Adding job tentatively -- it will be properly scheduled when the scheduler starts
2026-07-03 19:23:41,675 - root - INFO - Bot is running...
2026-07-03 19:23:42,292 - httpx - INFO - HTTP Request: POST https://api.telegram.org/bot8980589702:AAFheR2QxP-2BXuEXSUw0tjWkc3pjrMOzrw/getMe "HTTP/1.1 200 OK"
2026-07-03 19:23:42,490 - httpx - INFO - HTTP Request: POST https://api.telegram.org/bot8980589702:AAFheR2QxP-2BXuEXSUw0tjWkc3pjrMOzrw/deleteWebhook "HTTP/1.1 200 OK"
2026-07-03 19:23:42,497 - apscheduler.scheduler - INFO - Added job "cleanup" to job store "default"
2026-07-03 19:23:42,497 - apscheduler.scheduler - INFO - Scheduler started
2026-07-03 19:23:42,498 - telegram.ext.Application - INFO - Application started
2026-07-03 19:23:51,682 - apscheduler.executors.default - INFO - Running job "cleanup (trigger: interval[0:01:00], next run at: 2026-07-03 13:54:51 UTC)" (scheduled at 2026-07-03 13:53:51.673270+00:00)
2026-07-03 19:23:51,722 - apscheduler.executors.default - INFO - Job "cleanup (trigger: interval[0:01:00], next run at: 2026-07-03 13:54:51 UTC)" executed successfully
2026-07-03 19:23:53,081 - httpx - INFO - HTTP Request: POST https://api.telegram.org/bot8980589702:AAFheR2QxP-2BXuEXSUw0tjWkc3pjrMOzrw/getUpdates "HTTP/1.1 200 OK"
2026-07-03 19:24:03,277 - httpx - INFO - HTTP Request: POST https://api.telegram.org/bot8980589702:AAFheR2QxP-2BXuEXSUw0tjWkc3pjrMOzrw/getUpdates "HTTP/1.1 200 OK"
2026-07-03 19:24:10,370 - httpx - INFO - HTTP Request: POST https://api.telegram.org/bot8980589702:AAFheR2QxP-2BXuEXSUw0tjWkc3pjrMOzrw/getUpdates "HTTP/1.1 200 OK"
2026-07-03 19:24:20,573 - httpx - INFO - HTTP Request: POST https://api.telegram.org/bot8980589702:AAFheR2QxP-2BXuEXSUw0tjWkc3pjrMOzrw/getUpdates "HTTP/1.1 200 OK"
2026-07-03 19:24:25,844 - httpx - INFO - HTTP Request: POST https://api.telegram.org/bot8980589702:AAFheR2QxP-2BXuEXSUw0tjWkc3pjrMOzrw/getUpdates "HTTP/1.1 200 OK"
2026-07-03 19:24:26,682 - httpx - INFO - HTTP Request: POST https://api.telegram.org/bot8980589702:AAFheR2QxP-2BXuEXSUw0tjWkc3pjrMOzrw/sendMessage "HTTP/1.1 200 OK"
2026-07-03 19:24:36,102 - httpx - INFO - HTTP Request: POST https://api.telegram.org/bot8980589702:AAFheR2QxP-2BXuEXSUw0tjWkc3pjrMOzrw/getUpdates "HTTP/1.1 200 OK"
2026-07-03 19:24:46,311 - httpx - INFO - HTTP Request: POST https://api.telegram.org/bot8980589702:AAFheR2QxP-2BXuEXSUw0tjWkc3pjrMOzrw/getUpdates "HTTP/1.1 200 OK"
2026-07-03 19:24:51,679 - apscheduler.executors.default - INFO - Running job "cleanup (trigger: interval[0:01:00], next run at: 2026-07-03 13:55:51 UTC)" (scheduled at 2026-07-03 13:54:51.673270+00:00)
2026-07-03 19:24:51,724 - apscheduler.executors.default - INFO - Job "cleanup (trigger: interval[0:01:00], next run at: 2026-07-03 13:55:51 UTC)" executed successfully
2026-07-03 19:24:56,584 - httpx - INFO - HTTP Request: POST https://api.telegram.org/bot8980589702:AAFheR2QxP-2BXuEXSUw0tjWkc3pjrMOzrw/getUpdates "HTTP/1.1 200 OK"
2026-07-03 19:25:06,924 - httpx - INFO - HTTP Request: POST https://api.telegram.org/bot8980589702:AAFheR2QxP-2BXuEXSUw0tjWkc3pjrMOzrw/getUpdates "HTTP/1.1 200 OK"
2026-07-03 19:25:17,160 - httpx - INFO - HTTP Request: POST https://api.telegram.org/bot8980589702:AAFheR2QxP-2BXuEXSUw0tjWkc3pjrMOzrw/getUpdates "HTTP/1.1 200 OK"
2026-07-03 19:25:23,493 - httpx - INFO - HTTP Request: POST https://api.telegram.org/bot8980589702:AAFheR2QxP-2BXuEXSUw0tjWkc3pjrMOzrw/getUpdates "HTTP/1.1 200 OK"
2026-07-03 19:25:24,270 - httpx - INFO - HTTP Request: POST https://api.telegram.org/bot8980589702:AAFheR2QxP-2BXuEXSUw0tjWkc3pjrMOzrw/sendMessage "HTTP/1.1 200 OK"
2026-07-03 19:25:33,756 - httpx - INFO - HTTP Request: POST https://api.telegram.org/bot8980589702:AAFheR2QxP-2BXuEXSUw0tjWkc3pjrMOzrw/getUpdates "HTTP/1.1 200 OK"
2026-07-03 19:25:44,204 - httpx - INFO - HTTP Request: POST https://api.telegram.org/bot8980589702:AAFheR2QxP-2BXuEXSUw0tjWkc3pjrMOzrw/getUpdates "HTTP/1.1 200 OK"
2026-07-03 19:25:51,682 - apscheduler.executors.default - INFO - Running job "cleanup (trigger: interval[0:01:00], next run at: 2026-07-03 13:56:51 UTC)" (scheduled at 2026-07-03 13:55:51.673270+00:00)
2026-07-03 19:25:51,723 - apscheduler.executors.default - INFO - Job "cleanup (trigger: interval[0:01:00], next run at: 2026-07-03 13:56:51 UTC)" executed successfully
2026-07-03 19:25:54,434 - httpx - INFO - HTTP Request: POST https://api.telegram.org/bot8980589702:AAFheR2QxP-2BXuEXSUw0tjWkc3pjrMOzrw/getUpdates "HTTP/1.1 200 OK"
2026-07-03 19:26:04,993 - httpx - INFO - HTTP Request: POST https://api.telegram.org/bot8980589702:AAFheR2QxP-2BXuEXSUw0tjWkc3pjrMOzrw/getUpdates "HTTP/1.1 200 OK"
2026-07-03 19:26:09,855 - httpx - INFO - HTTP Request: POST https://api.telegram.org/bot8980589702:AAFheR2QxP-2BXuEXSUw0tjWkc3pjrMOzrw/getUpdates "HTTP/1.1 200 OK"
2026-07-03 19:26:10,857 - httpx - INFO - HTTP Request: POST https://api.telegram.org/bot8980589702:AAFheR2QxP-2BXuEXSUw0tjWkc3pjrMOzrw/sendMessage "HTTP/1.1 200 OK"
2026-07-03 19:26:20,351 - httpx - INFO - HTTP Request: POST https://api.telegram.org/bot8980589702:AAFheR2QxP-2BXuEXSUw0tjWkc3pjrMOzrw/getUpdates "HTTP/1.1 200 OK"
2026-07-03 19:26:30,587 - httpx - INFO - HTTP Request: POST https://api.telegram.org/bot8980589702:AAFheR2QxP-2BXuEXSUw0tjWkc3pjrMOzrw/getUpdates "HTTP/1.1 200 OK"
2026-07-03 19:26:40,804 - httpx - INFO - HTTP Request: POST https://api.telegram.org/bot8980589702:AAFheR2QxP-2BXuEXSUw0tjWkc3pjrMOzrw/getUpdates "HTTP/1.1 200 OK"
2026-07-03 19:26:51,007 - httpx - INFO - HTTP Request: POST https://api.telegram.org/bot8980589702:AAFheR2QxP-2BXuEXSUw0tjWkc3pjrMOzrw/getUpdates "HTTP/1.1 200 OK"
2026-07-03 19:26:51,679 - apscheduler.executors.default - INFO - Running job "cleanup (trigger: interval[0:01:00], next run at: 2026-07-03 13:57:51 UTC)" (scheduled at 2026-07-03 13:56:51.673270+00:00)
2026-07-03 19:26:52,001 - apscheduler.executors.default - INFO - Job "cleanup (trigger: interval[0:01:00], next run at: 2026-07-03 13:57:51 UTC)" executed successfully
2026-07-03 19:27:01,256 - httpx - INFO - HTTP Request: POST https://api.telegram.org/bot8980589702:AAFheR2QxP-2BXuEXSUw0tjWkc3pjrMOzrw/getUpdates "HTTP/1.1 200 OK"
2026-07-03 19:27:11,449 - httpx - INFO - HTTP Request: POST https://api.telegram.org/bot8980589702:AAFheR2QxP-2BXuEXSUw0tjWkc3pjrMOzrw/getUpdates "HTTP/1.1 200 OK"
2026-07-03 19:27:21,636 - httpx - INFO - HTTP Request: POST https://api.telegram.org/bot8980589702:AAFheR2QxP-2BXuEXSUw0tjWkc3pjrMOzrw/getUpdates "HTTP/1.1 200 OK"
2026-07-03 19:27:32,034 - httpx - INFO - HTTP Request: POST https://api.telegram.org/bot8980589702:AAFheR2QxP-2BXuEXSUw0tjWkc3pjrMOzrw/getUpdates "HTTP/1.1 200 OK"
2026-07-03 19:27:42,368 - httpx - INFO - HTTP Request: POST https://api.telegram.org/bot8980589702:AAFheR2QxP-2BXuEXSUw0tjWkc3pjrMOzrw/getUpdates "HTTP/1.1 200 OK"
2026-07-03 19:27:52,965 - httpx - INFO - HTTP Request: POST https://api.telegram.org/bot8980589702:AAFheR2QxP-2BXuEXSUw0tjWkc3pjrMOzrw/getUpdates "HTTP/1.1 200 OK"
2026-07-03 19:28:03,287 - httpx - INFO - HTTP Request: POST https://api.telegram.org/bot8980589702:AAFheR2QxP-2BXuEXSUw0tjWkc3pjrMOzrw/getUpdates "HTTP/1.1 200 OK"
2026-07-03 19:28:07,018 - apscheduler.executors.default - WARNING - Run time of job "cleanup (trigger: interval[0:01:00], next run at: 2026-07-03 13:58:51 UTC)" was missed by 0:00:15.345593
2026-07-03 19:28:13,568 - httpx - INFO - HTTP Request: POST https://api.telegram.org/bot8980589702:AAFheR2QxP-2BXuEXSUw0tjWkc3pjrMOzrw/getUpdates "HTTP/1.1 200 OK"
2026-07-03 19:28:24,111 - httpx - INFO - HTTP Request: POST https://api.telegram.org/bot8980589702:AAFheR2QxP-2BXuEXSUw0tjWkc3pjrMOzrw/getUpdates "HTTP/1.1 200 OK"
2026-07-03 19:28:34,434 - httpx - INFO - HTTP Request: POST https://api.telegram.org/bot8980589702:AAFheR2QxP-2BXuEXSUw0tjWkc3pjrMOzrw/getUpdates "HTTP/1.1 200 OK"
2026-07-03 19:28:44,644 - httpx - INFO - HTTP Request: POST https://api.telegram.org/bot8980589702:AAFheR2QxP-2BXuEXSUw0tjWkc3pjrMOzrw/getUpdates "HTTP/1.1 200 OK"
2026-07-03 19:28:55,860 - httpx - INFO - HTTP Request: POST https://api.telegram.org/bot8980589702:AAFheR2QxP-2BXuEXSUw0tjWkc3pjrMOzrw/getUpdates "HTTP/1.1 200 OK"
2026-07-03 19:29:06,485 - httpx - INFO - HTTP Request: POST https://api.telegram.org/bot8980589702:AAFheR2QxP-2BXuEXSUw0tjWkc3pjrMOzrw/getUpdates "HTTP/1.1 200 OK"
2026-07-03 19:29:16,959 - httpx - INFO - HTTP Request: POST https://api.telegram.org/bot8980589702:AAFheR2QxP-2BXuEXSUw0tjWkc3pjrMOzrw/getUpdates "HTTP/1.1 200 OK"
2026-07-03 19:29:27,547 - httpx - INFO - HTTP Request: POST https://api.telegram.org/bot8980589702:AAFheR2QxP-2BXuEXSUw0tjWkc3pjrMOzrw/getUpdates "HTTP/1.1 200 OK"
2026-07-03 19:29:38,092 - httpx - INFO - HTTP Request: POST https://api.telegram.org/bot8980589702:AAFheR2QxP-2BXuEXSUw0tjWkc3pjrMOzrw/getUpdates "HTTP/1.1 200 OK"
2026-07-03 19:29:48,351 - httpx - INFO - HTTP Request: POST https://api.telegram.org/bot8980589702:AAFheR2QxP-2BXuEXSUw0tjWkc3pjrMOzrw/getUpdates "HTTP/1.1 200 OK"
2026-07-03 19:30:00,722 - httpx - INFO - HTTP Request: POST https://api.telegram.org/bot8980589702:AAFheR2QxP-2BXuEXSUw0tjWkc3pjrMOzrw/getUpdates "HTTP/1.1 200 OK"
2026-07-03 19:30:01,113 - apscheduler.executors.default - WARNING - Run time of job "cleanup (trigger: interval[0:01:00], next run at: 2026-07-03 14:00:51 UTC)" was missed by 0:00:09.439860
2026-07-03 19:30:10,955 - httpx - INFO - HTTP Request: POST https://api.telegram.org/bot8980589702:AAFheR2QxP-2BXuEXSUw0tjWkc3pjrMOzrw/getUpdates "HTTP/1.1 200 OK"
2026-07-03 19:30:21,167 - httpx - INFO - HTTP Request: POST https://api.telegram.org/bot8980589702:AAFheR2QxP-2BXuEXSUw0tjWkc3pjrMOzrw/getUpdates "HTTP/1.1 200 OK"
2026-07-03 19:30:31,399 - httpx - INFO - HTTP Request: POST https://api.telegram.org/bot8980589702:AAFheR2QxP-2BXuEXSUw0tjWkc3pjrMOzrw/getUpdates "HTTP/1.1 200 OK"
2026-07-03 19:30:42,868 - httpx - INFO - HTTP Request: POST https://api.telegram.org/bot8980589702:AAFheR2QxP-2BXuEXSUw0tjWkc3pjrMOzrw/getUpdates "HTTP/1.1 200 OK"
2026-07-03 19:30:53,083 - httpx - INFO - HTTP Request: POST https://api.telegram.org/bot8980589702:AAFheR2QxP-2BXuEXSUw0tjWkc3pjrMOzrw/getUpdates "HTTP/1.1 200 OK"
2026-07-03 19:31:03,647 - httpx - INFO - HTTP Request: POST https://api.telegram.org/bot8980589702:AAFheR2QxP-2BXuEXSUw0tjWkc3pjrMOzrw/getUpdates "HTTP/1.1 200 OK"
2026-07-03 19:31:14,100 - httpx - INFO - HTTP Request: POST https://api.telegram.org/bot8980589702:AAFheR2QxP-2BXuEXSUw0tjWkc3pjrMOzrw/getUpdates "HTTP/1.1 200 OK"
2026-07-03 19:31:24,342 - httpx - INFO - HTTP Request: POST https://api.telegram.org/bot8980589702:AAFheR2QxP-2BXuEXSUw0tjWkc3pjrMOzrw/getUpdates "HTTP/1.1 200 OK"
2026-07-03 19:31:31,274 - apscheduler.executors.default - WARNING - Run time of job "cleanup (trigger: interval[0:01:00], next run at: 2026-07-03 14:01:51 UTC)" was missed by 0:00:39.601207
2026-07-03 19:31:34,720 - httpx - INFO - HTTP Request: POST https://api.telegram.org/bot8980589702:AAFheR2QxP-2BXuEXSUw0tjWkc3pjrMOzrw/getUpdates "HTTP/1.1 200 OK"
2026-07-03 19:31:44,951 - httpx - INFO - HTTP Request: POST https://api.telegram.org/bot8980589702:AAFheR2QxP-2BXuEXSUw0tjWkc3pjrMOzrw/getUpdates "HTTP/1.1 200 OK"
2026-07-03 19:31:55,242 - httpx - INFO - HTTP Request: POST https://api.telegram.org/bot8980589702:AAFheR2QxP-2BXuEXSUw0tjWkc3pjrMOzrw/getUpdates "HTTP/1.1 200 OK"
2026-07-03 19:32:05,716 - httpx - INFO - HTTP Request: POST https://api.telegram.org/bot8980589702:AAFheR2QxP-2BXuEXSUw0tjWkc3pjrMOzrw/getUpdates "HTTP/1.1 200 OK"
2026-07-03 19:32:14,259 - apscheduler.executors.default - WARNING - Run time of job "cleanup (trigger: interval[0:01:00], next run at: 2026-07-03 14:02:51 UTC)" was missed by 0:00:22.586381
2026-07-03 19:32:15,987 - httpx - INFO - HTTP Request: POST https://api.telegram.org/bot8980589702:AAFheR2QxP-2BXuEXSUw0tjWkc3pjrMOzrw/getUpdates "HTTP/1.1 200 OK"
2026-07-03 19:32:26,203 - httpx - INFO - HTTP Request: POST https://api.telegram.org/bot8980589702:AAFheR2QxP-2BXuEXSUw0tjWkc3pjrMOzrw/getUpdates "HTTP/1.1 200 OK"
2026-07-03 19:32:36,464 - httpx - INFO - HTTP Request: POST https://api.telegram.org/bot8980589702:AAFheR2QxP-2BXuEXSUw0tjWkc3pjrMOzrw/getUpdates "HTTP/1.1 200 OK"
2026-07-03 19:32:46,882 - httpx - INFO - HTTP Request: POST https://api.telegram.org/bot8980589702:AAFheR2QxP-2BXuEXSUw0tjWkc3pjrMOzrw/getUpdates "HTTP/1.1 200 OK"
2026-07-03 19:32:57,152 - httpx - INFO - HTTP Request: POST https://api.telegram.org/bot8980589702:AAFheR2QxP-2BXuEXSUw0tjWkc3pjrMOzrw/getUpdates "HTTP/1.1 200 OK"
2026-07-03 19:33:07,492 - httpx - INFO - HTTP Request: POST https://api.telegram.org/bot8980589702:AAFheR2QxP-2BXuEXSUw0tjWkc3pjrMOzrw/getUpdates "HTTP/1.1 200 OK"
2026-07-03 19:33:17,986 - httpx - INFO - HTTP Request: POST https://api.telegram.org/bot8980589702:AAFheR2QxP-2BXuEXSUw0tjWkc3pjrMOzrw/getUpdates "HTTP/1.1 200 OK"
2026-07-03 19:33:28,634 - httpx - INFO - HTTP Request: POST https://api.telegram.org/bot8980589702:AAFheR2QxP-2BXuEXSUw0tjWkc3pjrMOzrw/getUpdates "HTTP/1.1 200 OK"
2026-07-03 19:33:39,861 - httpx - INFO - HTTP Request: POST https://api.telegram.org/bot8980589702:AAFheR2QxP-2BXuEXSUw0tjWkc3pjrMOzrw/getUpdates "HTTP/1.1 200 OK"
2026-07-03 19:33:44,775 - apscheduler.executors.default - WARNING - Run time of job "cleanup (trigger: interval[0:01:00], next run at: 2026-07-03 14:03:51 UTC)" was missed by 0:00:53.101917
2026-07-03 19:33:50,058 - httpx - INFO - HTTP Request: POST https://api.telegram.org/bot8980589702:AAFheR2QxP-2BXuEXSUw0tjWkc3pjrMOzrw/getUpdates "HTTP/1.1 200 OK"
2026-07-03 19:33:51,675 - apscheduler.executors.default - INFO - Running job "cleanup (trigger: interval[0:01:00], next run at: 2026-07-03 14:04:51 UTC)" (scheduled at 2026-07-03 14:03:51.673270+00:00)
2026-07-03 19:33:51,724 - apscheduler.executors.default - INFO - Job "cleanup (trigger: interval[0:01:00], next run at: 2026-07-03 14:04:51 UTC)" executed successfully
2026-07-03 19:34:00,266 - httpx - INFO - HTTP Request: POST https://api.telegram.org/bot8980589702:AAFheR2QxP-2BXuEXSUw0tjWkc3pjrMOzrw/getUpdates "HTTP/1.1 200 OK"
2026-07-03 19:34:10,470 - httpx - INFO - HTTP Request: POST https://api.telegram.org/bot8980589702:AAFheR2QxP-2BXuEXSUw0tjWkc3pjrMOzrw/getUpdates "HTTP/1.1 200 OK"
2026-07-03 19:34:20,696 - httpx - INFO - HTTP Request: POST https://api.telegram.org/bot8980589702:AAFheR2QxP-2BXuEXSUw0tjWkc3pjrMOzrw/getUpdates "HTTP/1.1 200 OK"
2026-07-03 19:34:30,900 - httpx - INFO - HTTP Request: POST https://api.telegram.org/bot8980589702:AAFheR2QxP-2BXuEXSUw0tjWkc3pjrMOzrw/getUpdates "HTTP/1.1 200 OK"
2026-07-03 19:34:41,131 - httpx - INFO - HTTP Request: POST https://api.telegram.org/bot8980589702:AAFheR2QxP-2BXuEXSUw0tjWkc3pjrMOzrw/getUpdates "HTTP/1.1 200 OK"
2026-07-03 19:34:51,431 - httpx - INFO - HTTP Request: POST https://api.telegram.org/bot8980589702:AAFheR2QxP-2BXuEXSUw0tjWkc3pjrMOzrw/getUpdates "HTTP/1.1 200 OK"
2026-07-03 19:34:51,676 - apscheduler.executors.default - INFO - Running job "cleanup (trigger: interval[0:01:00], next run at: 2026-07-03 14:05:51 UTC)" (scheduled at 2026-07-03 14:04:51.673270+00:00)
2026-07-03 19:34:51,709 - apscheduler.executors.default - INFO - Job "cleanup (trigger: interval[0:01:00], next run at: 2026-07-03 14:05:51 UTC)" executed successfully
2026-07-03 19:35:01,646 - httpx - INFO - HTTP Request: POST https://api.telegram.org/bot8980589702:AAFheR2QxP-2BXuEXSUw0tjWkc3pjrMOzrw/getUpdates "HTTP/1.1 200 OK"
2026-07-03 19:35:11,850 - httpx - INFO - HTTP Request: POST https://api.telegram.org/bot8980589702:AAFheR2QxP-2BXuEXSUw0tjWkc3pjrMOzrw/getUpdates "HTTP/1.1 200 OK"
2026-07-03 19:35:22,149 - httpx - INFO - HTTP Request: POST https://api.telegram.org/bot8980589702:AAFheR2QxP-2BXuEXSUw0tjWkc3pjrMOzrw/getUpdates "HTTP/1.1 200 OK"
2026-07-03 19:35:32,371 - httpx - INFO - HTTP Request: POST https://api.telegram.org/bot8980589702:AAFheR2QxP-2BXuEXSUw0tjWkc3pjrMOzrw/getUpdates "HTTP/1.1 200 OK"
2026-07-03 19:35:42,850 - httpx - INFO - HTTP Request: POST https://api.telegram.org/bot8980589702:AAFheR2QxP-2BXuEXSUw0tjWkc3pjrMOzrw/getUpdates "HTTP/1.1 200 OK"
2026-07-03 19:35:51,683 - apscheduler.executors.default - INFO - Running job "cleanup (trigger: interval[0:01:00], next run at: 2026-07-03 14:06:51 UTC)" (scheduled at 2026-07-03 14:05:51.673270+00:00)
2026-07-03 19:35:51,716 - apscheduler.executors.default - INFO - Job "cleanup (trigger: interval[0:01:00], next run at: 2026-07-03 14:06:51 UTC)" executed successfully
2026-07-03 19:35:53,179 - httpx - INFO - HTTP Request: POST https://api.telegram.org/bot8980589702:AAFheR2QxP-2BXuEXSUw0tjWkc3pjrMOzrw/getUpdates "HTTP/1.1 200 OK"
2026-07-03 19:36:03,417 - httpx - INFO - HTTP Request: POST https://api.telegram.org/bot8980589702:AAFheR2QxP-2BXuEXSUw0tjWkc3pjrMOzrw/getUpdates "HTTP/1.1 200 OK"
2026-07-03 19:36:13,621 - httpx - INFO - HTTP Request: POST https://api.telegram.org/bot8980589702:AAFheR2QxP-2BXuEXSUw0tjWkc3pjrMOzrw/getUpdates "HTTP/1.1 200 OK"
2026-07-03 19:36:23,899 - httpx - INFO - HTTP Request: POST https://api.telegram.org/bot8980589702:AAFheR2QxP-2BXuEXSUw0tjWkc3pjrMOzrw/getUpdates "HTTP/1.1 200 OK"
2026-07-03 19:36:34,136 - httpx - INFO - HTTP Request: POST https://api.telegram.org/bot8980589702:AAFheR2QxP-2BXuEXSUw0tjWkc3pjrMOzrw/getUpdates "HTTP/1.1 200 OK"
2026-07-03 19:36:44,387 - httpx - INFO - HTTP Request: POST https://api.telegram.org/bot8980589702:AAFheR2QxP-2BXuEXSUw0tjWkc3pjrMOzrw/getUpdates "HTTP/1.1 200 OK"
2026-07-03 19:36:51,680 - apscheduler.executors.default - INFO - Running job "cleanup (trigger: interval[0:01:00], next run at: 2026-07-03 14:07:51 UTC)" (scheduled at 2026-07-03 14:06:51.673270+00:00)
2026-07-03 19:36:51,726 - apscheduler.executors.default - INFO - Job "cleanup (trigger: interval[0:01:00], next run at: 2026-07-03 14:07:51 UTC)" executed successfully
2026-07-03 19:36:54,619 - httpx - INFO - HTTP Request: POST https://api.telegram.org/bot8980589702:AAFheR2QxP-2BXuEXSUw0tjWkc3pjrMOzrw/getUpdates "HTTP/1.1 200 OK"
2026-07-03 19:37:05,088 - httpx - INFO - HTTP Request: POST https://api.telegram.org/bot8980589702:AAFheR2QxP-2BXuEXSUw0tjWkc3pjrMOzrw/getUpdates "HTTP/1.1 200 OK"
2026-07-03 19:37:15,312 - httpx - INFO - HTTP Request: POST https://api.telegram.org/bot8980589702:AAFheR2QxP-2BXuEXSUw0tjWkc3pjrMOzrw/getUpdates "HTTP/1.1 200 OK"
2026-07-03 19:37:25,591 - httpx - INFO - HTTP Request: POST https://api.telegram.org/bot8980589702:AAFheR2QxP-2BXuEXSUw0tjWkc3pjrMOzrw/getUpdates "HTTP/1.1 200 OK"
2026-07-03 19:37:36,610 - httpx - INFO - HTTP Request: POST https://api.telegram.org/bot8980589702:AAFheR2QxP-2BXuEXSUw0tjWkc3pjrMOzrw/getUpdates "HTTP/1.1 200 OK"
2026-07-03 19:37:47,158 - httpx - INFO - HTTP Request: POST https://api.telegram.org/bot8980589702:AAFheR2QxP-2BXuEXSUw0tjWkc3pjrMOzrw/getUpdates "HTTP/1.1 200 OK"
2026-07-03 19:37:51,679 - apscheduler.executors.default - INFO - Running job "cleanup (trigger: interval[0:01:00], next run at: 2026-07-03 14:08:51 UTC)" (scheduled at 2026-07-03 14:07:51.673270+00:00)
2026-07-03 19:37:51,706 - apscheduler.executors.default - INFO - Job "cleanup (trigger: interval[0:01:00], next run at: 2026-07-03 14:08:51 UTC)" executed successfully
2026-07-03 19:37:57,493 - httpx - INFO - HTTP Request: POST https://api.telegram.org/bot8980589702:AAFheR2QxP-2BXuEXSUw0tjWkc3pjrMOzrw/getUpdates "HTTP/1.1 200 OK"
2026-07-03 19:38:07,711 - httpx - INFO - HTTP Request: POST https://api.telegram.org/bot8980589702:AAFheR2QxP-2BXuEXSUw0tjWkc3pjrMOzrw/getUpdates "HTTP/1.1 200 OK"
2026-07-03 19:38:18,718 - httpx - INFO - HTTP Request: POST https://api.telegram.org/bot8980589702:AAFheR2QxP-2BXuEXSUw0tjWkc3pjrMOzrw/getUpdates "HTTP/1.1 200 OK"
2026-07-03 19:38:29,095 - httpx - INFO - HTTP Request: POST https://api.telegram.org/bot8980589702:AAFheR2QxP-2BXuEXSUw0tjWkc3pjrMOzrw/getUpdates "HTTP/1.1 200 OK"
2026-07-03 19:38:39,391 - httpx - INFO - HTTP Request: POST https://api.telegram.org/bot8980589702:AAFheR2QxP-2BXuEXSUw0tjWkc3pjrMOzrw/getUpdates "HTTP/1.1 200 OK"
2026-07-03 19:38:49,632 - httpx - INFO - HTTP Request: POST https://api.telegram.org/bot8980589702:AAFheR2QxP-2BXuEXSUw0tjWkc3pjrMOzrw/getUpdates "HTTP/1.1 200 OK"
2026-07-03 19:38:51,678 - apscheduler.executors.default - INFO - Running job "cleanup (trigger: interval[0:01:00], next run at: 2026-07-03 14:09:51 UTC)" (scheduled at 2026-07-03 14:08:51.673270+00:00)
2026-07-03 19:38:51,734 - apscheduler.executors.default - INFO - Job "cleanup (trigger: interval[0:01:00], next run at: 2026-07-03 14:09:51 UTC)" executed successfully
2026-07-03 19:38:59,855 - httpx - INFO - HTTP Request: POST https://api.telegram.org/bot8980589702:AAFheR2QxP-2BXuEXSUw0tjWkc3pjrMOzrw/getUpdates "HTTP/1.1 200 OK"
2026-07-03 19:39:10,052 - httpx - INFO - HTTP Request: POST https://api.telegram.org/bot8980589702:AAFheR2QxP-2BXuEXSUw0tjWkc3pjrMOzrw/getUpdates "HTTP/1.1 200 OK"
2026-07-03 19:39:20,377 - httpx - INFO - HTTP Request: POST https://api.telegram.org/bot8980589702:AAFheR2QxP-2BXuEXSUw0tjWkc3pjrMOzrw/getUpdates "HTTP/1.1 200 OK"
2026-07-03 19:39:31,936 - httpx - INFO - HTTP Request: POST https://api.telegram.org/bot8980589702:AAFheR2QxP-2BXuEXSUw0tjWkc3pjrMOzrw/getUpdates "HTTP/1.1 200 OK"
2026-07-03 19:39:43,829 - httpx - INFO - HTTP Request: POST https://api.telegram.org/bot8980589702:AAFheR2QxP-2BXuEXSUw0tjWkc3pjrMOzrw/getUpdates "HTTP/1.1 200 OK"
2026-07-03 19:39:54,065 - httpx - INFO - HTTP Request: POST https://api.telegram.org/bot8980589702:AAFheR2QxP-2BXuEXSUw0tjWkc3pjrMOzrw/getUpdates "HTTP/1.1 200 OK"
2026-07-03 19:40:04,265 - httpx - INFO - HTTP Request: POST https://api.telegram.org/bot8980589702:AAFheR2QxP-2BXuEXSUw0tjWkc3pjrMOzrw/getUpdates "HTTP/1.1 200 OK"
2026-07-03 19:40:04,300 - apscheduler.executors.default - WARNING - Run time of job "cleanup (trigger: interval[0:01:00], next run at: 2026-07-03 14:10:51 UTC)" was missed by 0:00:12.627105
2026-07-03 19:40:14,519 - httpx - INFO - HTTP Request: POST https://api.telegram.org/bot8980589702:AAFheR2QxP-2BXuEXSUw0tjWkc3pjrMOzrw/getUpdates "HTTP/1.1 200 OK"
2026-07-03 19:40:24,747 - httpx - INFO - HTTP Request: POST https://api.telegram.org/bot8980589702:AAFheR2QxP-2BXuEXSUw0tjWkc3pjrMOzrw/getUpdates "HTTP/1.1 200 OK"
2026-07-03 19:40:34,983 - httpx - INFO - HTTP Request: POST https://api.telegram.org/bot8980589702:AAFheR2QxP-2BXuEXSUw0tjWkc3pjrMOzrw/getUpdates "HTTP/1.1 200 OK"
2026-07-03 19:40:45,172 - httpx - INFO - HTTP Request: POST https://api.telegram.org/bot8980589702:AAFheR2QxP-2BXuEXSUw0tjWkc3pjrMOzrw/getUpdates "HTTP/1.1 200 OK"
2026-07-03 19:40:51,681 - apscheduler.executors.default - INFO - Running job "cleanup (trigger: interval[0:01:00], next run at: 2026-07-03 14:11:51 UTC)" (scheduled at 2026-07-03 14:10:51.673270+00:00)
2026-07-03 19:40:51,731 - apscheduler.executors.default - INFO - Job "cleanup (trigger: interval[0:01:00], next run at: 2026-07-03 14:11:51 UTC)" executed successfully
2026-07-03 19:40:55,524 - httpx - INFO - HTTP Request: POST https://api.telegram.org/bot8980589702:AAFheR2QxP-2BXuEXSUw0tjWkc3pjrMOzrw/getUpdates "HTTP/1.1 200 OK"
2026-07-03 19:41:05,766 - httpx - INFO - HTTP Request: POST https://api.telegram.org/bot8980589702:AAFheR2QxP-2BXuEXSUw0tjWkc3pjrMOzrw/getUpdates "HTTP/1.1 200 OK"
2026-07-03 19:41:16,010 - httpx - INFO - HTTP Request: POST https://api.telegram.org/bot8980589702:AAFheR2QxP-2BXuEXSUw0tjWkc3pjrMOzrw/getUpdates "HTTP/1.1 200 OK"
2026-07-03 19:41:26,206 - httpx - INFO - HTTP Request: POST https://api.telegram.org/bot8980589702:AAFheR2QxP-2BXuEXSUw0tjWkc3pjrMOzrw/getUpdates "HTTP/1.1 200 OK"
2026-07-03 19:41:36,534 - httpx - INFO - HTTP Request: POST https://api.telegram.org/bot8980589702:AAFheR2QxP-2BXuEXSUw0tjWkc3pjrMOzrw/getUpdates "HTTP/1.1 200 OK"
2026-07-03 19:41:46,979 - httpx - INFO - HTTP Request: POST https://api.telegram.org/bot8980589702:AAFheR2QxP-2BXuEXSUw0tjWkc3pjrMOzrw/getUpdates "HTTP/1.1 200 OK"
2026-07-03 19:41:51,680 - apscheduler.executors.default - INFO - Running job "cleanup (trigger: interval[0:01:00], next run at: 2026-07-03 14:12:51 UTC)" (scheduled at 2026-07-03 14:11:51.673270+00:00)
2026-07-03 19:41:51,723 - apscheduler.executors.default - INFO - Job "cleanup (trigger: interval[0:01:00], next run at: 2026-07-03 14:12:51 UTC)" executed successfully
2026-07-03 19:41:57,168 - httpx - INFO - HTTP Request: POST https://api.telegram.org/bot8980589702:AAFheR2QxP-2BXuEXSUw0tjWkc3pjrMOzrw/getUpdates "HTTP/1.1 200 OK"
2026-07-03 19:42:07,369 - httpx - INFO - HTTP Request: POST https://api.telegram.org/bot8980589702:AAFheR2QxP-2BXuEXSUw0tjWkc3pjrMOzrw/getUpdates "HTTP/1.1 200 OK"
2026-07-03 19:42:17,593 - httpx - INFO - HTTP Request: POST https://api.telegram.org/bot8980589702:AAFheR2QxP-2BXuEXSUw0tjWkc3pjrMOzrw/getUpdates "HTTP/1.1 200 OK"
2026-07-03 19:42:27,834 - httpx - INFO - HTTP Request: POST https://api.telegram.org/bot8980589702:AAFheR2QxP-2BXuEXSUw0tjWkc3pjrMOzrw/getUpdates "HTTP/1.1 200 OK"
2026-07-03 19:42:38,043 - httpx - INFO - HTTP Request: POST https://api.telegram.org/bot8980589702:AAFheR2QxP-2BXuEXSUw0tjWkc3pjrMOzrw/getUpdates "HTTP/1.1 200 OK"
2026-07-03 19:42:48,313 - httpx - INFO - HTTP Request: POST https://api.telegram.org/bot8980589702:AAFheR2QxP-2BXuEXSUw0tjWkc3pjrMOzrw/getUpdates "HTTP/1.1 200 OK"
2026-07-03 19:42:51,679 - apscheduler.executors.default - INFO - Running job "cleanup (trigger: interval[0:01:00], next run at: 2026-07-03 14:13:51 UTC)" (scheduled at 2026-07-03 14:12:51.673270+00:00)
2026-07-03 19:42:51,754 - apscheduler.executors.default - INFO - Job "cleanup (trigger: interval[0:01:00], next run at: 2026-07-03 14:13:51 UTC)" executed successfully
2026-07-03 19:42:58,627 - httpx - INFO - HTTP Request: POST https://api.telegram.org/bot8980589702:AAFheR2QxP-2BXuEXSUw0tjWkc3pjrMOzrw/getUpdates "HTTP/1.1 200 OK"
2026-07-03 19:43:09,047 - httpx - INFO - HTTP Request: POST https://api.telegram.org/bot8980589702:AAFheR2QxP-2BXuEXSUw0tjWkc3pjrMOzrw/getUpdates "HTTP/1.1 200 OK"
2026-07-03 19:43:19,240 - httpx - INFO - HTTP Request: POST https://api.telegram.org/bot8980589702:AAFheR2QxP-2BXuEXSUw0tjWkc3pjrMOzrw/getUpdates "HTTP/1.1 200 OK"
2026-07-03 19:43:29,555 - httpx - INFO - HTTP Request: POST https://api.telegram.org/bot8980589702:AAFheR2QxP-2BXuEXSUw0tjWkc3pjrMOzrw/getUpdates "HTTP/1.1 200 OK"
2026-07-03 19:43:40,198 - httpx - INFO - HTTP Request: POST https://api.telegram.org/bot8980589702:AAFheR2QxP-2BXuEXSUw0tjWkc3pjrMOzrw/getUpdates "HTTP/1.1 200 OK"
2026-07-03 19:43:50,645 - httpx - INFO - HTTP Request: POST https://api.telegram.org/bot8980589702:AAFheR2QxP-2BXuEXSUw0tjWkc3pjrMOzrw/getUpdates "HTTP/1.1 200 OK"
2026-07-03 19:44:01,296 - httpx - INFO - HTTP Request: POST https://api.telegram.org/bot8980589702:AAFheR2QxP-2BXuEXSUw0tjWkc3pjrMOzrw/getUpdates "HTTP/1.1 200 OK"
2026-07-03 19:44:11,837 - httpx - INFO - HTTP Request: POST https://api.telegram.org/bot8980589702:AAFheR2QxP-2BXuEXSUw0tjWkc3pjrMOzrw/getUpdates "HTTP/1.1 200 OK"
2026-07-03 19:44:22,031 - httpx - INFO - HTTP Request: POST https://api.telegram.org/bot8980589702:AAFheR2QxP-2BXuEXSUw0tjWkc3pjrMOzrw/getUpdates "HTTP/1.1 200 OK"
2026-07-03 19:44:32,350 - httpx - INFO - HTTP Request: POST https://api.telegram.org/bot8980589702:AAFheR2QxP-2BXuEXSUw0tjWkc3pjrMOzrw/getUpdates "HTTP/1.1 200 OK"
2026-07-03 19:44:32,506 - apscheduler.executors.default - WARNING - Run time of job "cleanup (trigger: interval[0:01:00], next run at: 2026-07-03 14:14:51 UTC)" was missed by 0:00:40.833440
2026-07-03 19:44:42,704 - httpx - INFO - HTTP Request: POST https://api.telegram.org/bot8980589702:AAFheR2QxP-2BXuEXSUw0tjWkc3pjrMOzrw/getUpdates "HTTP/1.1 200 OK"
2026-07-03 19:44:51,681 - apscheduler.executors.default - INFO - Running job "cleanup (trigger: interval[0:01:00], next run at: 2026-07-03 14:15:51 UTC)" (scheduled at 2026-07-03 14:14:51.673270+00:00)
2026-07-03 19:44:51,865 - apscheduler.executors.default - INFO - Job "cleanup (trigger: interval[0:01:00], next run at: 2026-07-03 14:15:51 UTC)" executed successfully
2026-07-03 19:44:52,934 - httpx - INFO - HTTP Request: POST https://api.telegram.org/bot8980589702:AAFheR2QxP-2BXuEXSUw0tjWkc3pjrMOzrw/getUpdates "HTTP/1.1 200 OK"
2026-07-03 19:45:03,173 - httpx - INFO - HTTP Request: POST https://api.telegram.org/bot8980589702:AAFheR2QxP-2BXuEXSUw0tjWkc3pjrMOzrw/getUpdates "HTTP/1.1 200 OK"
2026-07-03 19:45:13,420 - httpx - INFO - HTTP Request: POST https://api.telegram.org/bot8980589702:AAFheR2QxP-2BXuEXSUw0tjWkc3pjrMOzrw/getUpdates "HTTP/1.1 200 OK"
2026-07-03 19:45:24,035 - httpx - INFO - HTTP Request: POST https://api.telegram.org/bot8980589702:AAFheR2QxP-2BXuEXSUw0tjWkc3pjrMOzrw/getUpdates "HTTP/1.1 200 OK"
2026-07-03 19:45:34,342 - httpx - INFO - HTTP Request: POST https://api.telegram.org/bot8980589702:AAFheR2QxP-2BXuEXSUw0tjWkc3pjrMOzrw/getUpdates "HTTP/1.1 200 OK"
2026-07-03 19:45:44,697 - httpx - INFO - HTTP Request: POST https://api.telegram.org/bot8980589702:AAFheR2QxP-2BXuEXSUw0tjWkc3pjrMOzrw/getUpdates "HTTP/1.1 200 OK"
2026-07-03 19:45:54,988 - httpx - INFO - HTTP Request: POST https://api.telegram.org/bot8980589702:AAFheR2QxP-2BXuEXSUw0tjWkc3pjrMOzrw/getUpdates "HTTP/1.1 200 OK"
2026-07-03 19:46:03,341 - apscheduler.executors.default - WARNING - Run time of job "cleanup (trigger: interval[0:01:00], next run at: 2026-07-03 14:16:51 UTC)" was missed by 0:00:11.668652
2026-07-03 19:46:05,336 - httpx - INFO - HTTP Request: POST https://api.telegram.org/bot8980589702:AAFheR2QxP-2BXuEXSUw0tjWkc3pjrMOzrw/getUpdates "HTTP/1.1 200 OK"
2026-07-03 19:46:15,574 - httpx - INFO - HTTP Request: POST https://api.telegram.org/bot8980589702:AAFheR2QxP-2BXuEXSUw0tjWkc3pjrMOzrw/getUpdates "HTTP/1.1 200 OK"
2026-07-03 19:46:26,024 - httpx - INFO - HTTP Request: POST https://api.telegram.org/bot8980589702:AAFheR2QxP-2BXuEXSUw0tjWkc3pjrMOzrw/getUpdates "HTTP/1.1 200 OK"
2026-07-03 19:46:36,233 - httpx - INFO - HTTP Request: POST https://api.telegram.org/bot8980589702:AAFheR2QxP-2BXuEXSUw0tjWkc3pjrMOzrw/getUpdates "HTTP/1.1 200 OK"
2026-07-03 19:46:46,913 - httpx - INFO - HTTP Request: POST https://api.telegram.org/bot8980589702:AAFheR2QxP-2BXuEXSUw0tjWkc3pjrMOzrw/getUpdates "HTTP/1.1 200 OK"
2026-07-03 19:46:51,679 - apscheduler.executors.default - INFO - Running job "cleanup (trigger: interval[0:01:00], next run at: 2026-07-03 14:17:51 UTC)" (scheduled at 2026-07-03 14:16:51.673270+00:00)
2026-07-03 19:46:51,726 - apscheduler.executors.default - INFO - Job "cleanup (trigger: interval[0:01:00], next run at: 2026-07-03 14:17:51 UTC)" executed successfully
2026-07-03 19:46:57,120 - httpx - INFO - HTTP Request: POST https://api.telegram.org/bot8980589702:AAFheR2QxP-2BXuEXSUw0tjWkc3pjrMOzrw/getUpdates "HTTP/1.1 200 OK"
2026-07-03 19:47:07,395 - httpx - INFO - HTTP Request: POST https://api.telegram.org/bot8980589702:AAFheR2QxP-2BXuEXSUw0tjWkc3pjrMOzrw/getUpdates "HTTP/1.1 200 OK"
2026-07-03 19:47:17,623 - httpx - INFO - HTTP Request: POST https://api.telegram.org/bot8980589702:AAFheR2QxP-2BXuEXSUw0tjWkc3pjrMOzrw/getUpdates "HTTP/1.1 200 OK"
2026-07-03 19:47:27,974 - httpx - INFO - HTTP Request: POST https://api.telegram.org/bot8980589702:AAFheR2QxP-2BXuEXSUw0tjWkc3pjrMOzrw/getUpdates "HTTP/1.1 200 OK"
2026-07-03 19:47:38,209 - httpx - INFO - HTTP Request: POST https://api.telegram.org/bot8980589702:AAFheR2QxP-2BXuEXSUw0tjWkc3pjrMOzrw/getUpdates "HTTP/1.1 200 OK"
2026-07-03 19:47:48,553 - httpx - INFO - HTTP Request: POST https://api.telegram.org/bot8980589702:AAFheR2QxP-2BXuEXSUw0tjWkc3pjrMOzrw/getUpdates "HTTP/1.1 200 OK"
2026-07-03 19:47:51,679 - apscheduler.executors.default - INFO - Running job "cleanup (trigger: interval[0:01:00], next run at: 2026-07-03 14:18:51 UTC)" (scheduled at 2026-07-03 14:17:51.673270+00:00)
2026-07-03 19:47:51,734 - apscheduler.executors.default - INFO - Job "cleanup (trigger: interval[0:01:00], next run at: 2026-07-03 14:18:51 UTC)" executed successfully
2026-07-03 19:47:59,062 - httpx - INFO - HTTP Request: POST https://api.telegram.org/bot8980589702:AAFheR2QxP-2BXuEXSUw0tjWkc3pjrMOzrw/getUpdates "HTTP/1.1 200 OK"
2026-07-03 19:48:09,329 - httpx - INFO - HTTP Request: POST https://api.telegram.org/bot8980589702:AAFheR2QxP-2BXuEXSUw0tjWkc3pjrMOzrw/getUpdates "HTTP/1.1 200 OK"
2026-07-03 19:48:20,164 - httpx - INFO - HTTP Request: POST https://api.telegram.org/bot8980589702:AAFheR2QxP-2BXuEXSUw0tjWkc3pjrMOzrw/getUpdates "HTTP/1.1 200 OK"
2026-07-03 19:48:30,806 - httpx - INFO - HTTP Request: POST https://api.telegram.org/bot8980589702:AAFheR2QxP-2BXuEXSUw0tjWkc3pjrMOzrw/getUpdates "HTTP/1.1 200 OK"
2026-07-03 19:48:41,089 - httpx - INFO - HTTP Request: POST https://api.telegram.org/bot8980589702:AAFheR2QxP-2BXuEXSUw0tjWkc3pjrMOzrw/getUpdates "HTTP/1.1 200 OK"
2026-07-03 19:48:51,439 - httpx - INFO - HTTP Request: POST https://api.telegram.org/bot8980589702:AAFheR2QxP-2BXuEXSUw0tjWkc3pjrMOzrw/getUpdates "HTTP/1.1 200 OK"
2026-07-03 19:48:51,677 - apscheduler.executors.default - INFO - Running job "cleanup (trigger: interval[0:01:00], next run at: 2026-07-03 14:19:51 UTC)" (scheduled at 2026-07-03 14:18:51.673270+00:00)
2026-07-03 19:48:51,738 - apscheduler.executors.default - INFO - Job "cleanup (trigger: interval[0:01:00], next run at: 2026-07-03 14:19:51 UTC)" executed successfully
2026-07-03 19:49:01,867 - httpx - INFO - HTTP Request: POST https://api.telegram.org/bot8980589702:AAFheR2QxP-2BXuEXSUw0tjWkc3pjrMOzrw/getUpdates "HTTP/1.1 200 OK"
2026-07-03 19:49:12,181 - httpx - INFO - HTTP Request: POST https://api.telegram.org/bot8980589702:AAFheR2QxP-2BXuEXSUw0tjWkc3pjrMOzrw/getUpdates "HTTP/1.1 200 OK"
2026-07-03 19:49:22,626 - httpx - INFO - HTTP Request: POST https://api.telegram.org/bot8980589702:AAFheR2QxP-2BXuEXSUw0tjWkc3pjrMOzrw/getUpdates "HTTP/1.1 200 OK"
2026-07-03 19:49:33,072 - httpx - INFO - HTTP Request: POST https://api.telegram.org/bot8980589702:AAFheR2QxP-2BXuEXSUw0tjWkc3pjrMOzrw/getUpdates "HTTP/1.1 200 OK"
2026-07-03 19:49:43,515 - httpx - INFO - HTTP Request: POST https://api.telegram.org/bot8980589702:AAFheR2QxP-2BXuEXSUw0tjWkc3pjrMOzrw/getUpdates "HTTP/1.1 200 OK"
2026-07-03 19:49:54,177 - httpx - INFO - HTTP Request: POST https://api.telegram.org/bot8980589702:AAFheR2QxP-2BXuEXSUw0tjWkc3pjrMOzrw/getUpdates "HTTP/1.1 200 OK"
2026-07-03 19:50:04,814 - httpx - INFO - HTTP Request: POST https://api.telegram.org/bot8980589702:AAFheR2QxP-2BXuEXSUw0tjWkc3pjrMOzrw/getUpdates "HTTP/1.1 200 OK"
2026-07-03 19:50:15,449 - httpx - INFO - HTTP Request: POST https://api.telegram.org/bot8980589702:AAFheR2QxP-2BXuEXSUw0tjWkc3pjrMOzrw/getUpdates "HTTP/1.1 200 OK"
2026-07-03 19:50:25,906 - httpx - INFO - HTTP Request: POST https://api.telegram.org/bot8980589702:AAFheR2QxP-2BXuEXSUw0tjWkc3pjrMOzrw/getUpdates "HTTP/1.1 200 OK"
2026-07-03 19:50:36,199 - httpx - INFO - HTTP Request: POST https://api.telegram.org/bot8980589702:AAFheR2QxP-2BXuEXSUw0tjWkc3pjrMOzrw/getUpdates "HTTP/1.1 200 OK"
2026-07-03 19:50:46,576 - httpx - INFO - HTTP Request: POST https://api.telegram.org/bot8980589702:AAFheR2QxP-2BXuEXSUw0tjWkc3pjrMOzrw/getUpdates "HTTP/1.1 200 OK"
2026-07-03 19:50:56,774 - httpx - INFO - HTTP Request: POST https://api.telegram.org/bot8980589702:AAFheR2QxP-2BXuEXSUw0tjWkc3pjrMOzrw/getUpdates "HTTP/1.1 200 OK"
2026-07-03 19:51:08,835 - httpx - INFO - HTTP Request: POST https://api.telegram.org/bot8980589702:AAFheR2QxP-2BXuEXSUw0tjWkc3pjrMOzrw/getUpdates "HTTP/1.1 200 OK"
2026-07-03 19:51:09,084 - apscheduler.executors.default - WARNING - Run time of job "cleanup (trigger: interval[0:01:00], next run at: 2026-07-03 14:21:51 UTC)" was missed by 0:00:17.410606
2026-07-03 19:51:19,275 - httpx - INFO - HTTP Request: POST https://api.telegram.org/bot8980589702:AAFheR2QxP-2BXuEXSUw0tjWkc3pjrMOzrw/getUpdates "HTTP/1.1 200 OK"
2026-07-03 19:51:29,535 - httpx - INFO - HTTP Request: POST https://api.telegram.org/bot8980589702:AAFheR2QxP-2BXuEXSUw0tjWkc3pjrMOzrw/getUpdates "HTTP/1.1 200 OK"
2026-07-03 19:51:39,778 - httpx - INFO - HTTP Request: POST https://api.telegram.org/bot8980589702:AAFheR2QxP-2BXuEXSUw0tjWkc3pjrMOzrw/getUpdates "HTTP/1.1 200 OK"
2026-07-03 19:51:50,017 - httpx - INFO - HTTP Request: POST https://api.telegram.org/bot8980589702:AAFheR2QxP-2BXuEXSUw0tjWkc3pjrMOzrw/getUpdates "HTTP/1.1 200 OK"
2026-07-03 19:51:51,677 - apscheduler.executors.default - INFO - Running job "cleanup (trigger: interval[0:01:00], next run at: 2026-07-03 14:22:51 UTC)" (scheduled at 2026-07-03 14:21:51.673270+00:00)
2026-07-03 19:51:51,755 - apscheduler.executors.default - INFO - Job "cleanup (trigger: interval[0:01:00], next run at: 2026-07-03 14:22:51 UTC)" executed successfully
2026-07-03 19:52:00,260 - httpx - INFO - HTTP Request: POST https://api.telegram.org/bot8980589702:AAFheR2QxP-2BXuEXSUw0tjWkc3pjrMOzrw/getUpdates "HTTP/1.1 200 OK"
2026-07-03 19:52:10,496 - httpx - INFO - HTTP Request: POST https://api.telegram.org/bot8980589702:AAFheR2QxP-2BXuEXSUw0tjWkc3pjrMOzrw/getUpdates "HTTP/1.1 200 OK"
2026-07-03 19:52:20,694 - httpx - INFO - HTTP Request: POST https://api.telegram.org/bot8980589702:AAFheR2QxP-2BXuEXSUw0tjWkc3pjrMOzrw/getUpdates "HTTP/1.1 200 OK"
2026-07-03 19:52:30,976 - httpx - INFO - HTTP Request: POST https://api.telegram.org/bot8980589702:AAFheR2QxP-2BXuEXSUw0tjWkc3pjrMOzrw/getUpdates "HTTP/1.1 200 OK"
2026-07-03 19:52:41,173 - httpx - INFO - HTTP Request: POST https://api.telegram.org/bot8980589702:AAFheR2QxP-2BXuEXSUw0tjWkc3pjrMOzrw/getUpdates "HTTP/1.1 200 OK"
2026-07-03 19:52:51,460 - httpx - INFO - HTTP Request: POST https://api.telegram.org/bot8980589702:AAFheR2QxP-2BXuEXSUw0tjWkc3pjrMOzrw/getUpdates "HTTP/1.1 200 OK"
2026-07-03 19:52:51,675 - apscheduler.executors.default - INFO - Running job "cleanup (trigger: interval[0:01:00], next run at: 2026-07-03 14:23:51 UTC)" (scheduled at 2026-07-03 14:22:51.673270+00:00)
2026-07-03 19:52:51,724 - apscheduler.executors.default - INFO - Job "cleanup (trigger: interval[0:01:00], next run at: 2026-07-03 14:23:51 UTC)" executed successfully
2026-07-03 19:53:01,698 - httpx - INFO - HTTP Request: POST https://api.telegram.org/bot8980589702:AAFheR2QxP-2BXuEXSUw0tjWkc3pjrMOzrw/getUpdates "HTTP/1.1 200 OK"
2026-07-03 19:53:11,938 - httpx - INFO - HTTP Request: POST https://api.telegram.org/bot8980589702:AAFheR2QxP-2BXuEXSUw0tjWkc3pjrMOzrw/getUpdates "HTTP/1.1 200 OK"
2026-07-03 19:53:22,175 - httpx - INFO - HTTP Request: POST https://api.telegram.org/bot8980589702:AAFheR2QxP-2BXuEXSUw0tjWkc3pjrMOzrw/getUpdates "HTTP/1.1 200 OK"
2026-07-03 19:53:32,419 - httpx - INFO - HTTP Request: POST https://api.telegram.org/bot8980589702:AAFheR2QxP-2BXuEXSUw0tjWkc3pjrMOzrw/getUpdates "HTTP/1.1 200 OK"
2026-07-03 19:53:42,614 - httpx - INFO - HTTP Request: POST https://api.telegram.org/bot8980589702:AAFheR2QxP-2BXuEXSUw0tjWkc3pjrMOzrw/getUpdates "HTTP/1.1 200 OK"
2026-07-03 19:53:51,676 - apscheduler.executors.default - INFO - Running job "cleanup (trigger: interval[0:01:00], next run at: 2026-07-03 14:24:51 UTC)" (scheduled at 2026-07-03 14:23:51.673270+00:00)
2026-07-03 19:53:51,761 - apscheduler.executors.default - INFO - Job "cleanup (trigger: interval[0:01:00], next run at: 2026-07-03 14:24:51 UTC)" executed successfully
2026-07-03 19:53:52,810 - httpx - INFO - HTTP Request: POST https://api.telegram.org/bot8980589702:AAFheR2QxP-2BXuEXSUw0tjWkc3pjrMOzrw/getUpdates "HTTP/1.1 200 OK"
2026-07-03 19:54:03,034 - httpx - INFO - HTTP Request: POST https://api.telegram.org/bot8980589702:AAFheR2QxP-2BXuEXSUw0tjWkc3pjrMOzrw/getUpdates "HTTP/1.1 200 OK"
2026-07-03 19:54:13,278 - httpx - INFO - HTTP Request: POST https://api.telegram.org/bot8980589702:AAFheR2QxP-2BXuEXSUw0tjWkc3pjrMOzrw/getUpdates "HTTP/1.1 200 OK"
2026-07-03 19:54:23,505 - httpx - INFO - HTTP Request: POST https://api.telegram.org/bot8980589702:AAFheR2QxP-2BXuEXSUw0tjWkc3pjrMOzrw/getUpdates "HTTP/1.1 200 OK"
2026-07-03 19:54:35,990 - httpx - INFO - HTTP Request: POST https://api.telegram.org/bot8980589702:AAFheR2QxP-2BXuEXSUw0tjWkc3pjrMOzrw/getUpdates "HTTP/1.1 200 OK"
2026-07-03 19:54:46,206 - httpx - INFO - HTTP Request: POST https://api.telegram.org/bot8980589702:AAFheR2QxP-2BXuEXSUw0tjWkc3pjrMOzrw/getUpdates "HTTP/1.1 200 OK"
2026-07-03 19:54:51,680 - apscheduler.executors.default - INFO - Running job "cleanup (trigger: interval[0:01:00], next run at: 2026-07-03 14:25:51 UTC)" (scheduled at 2026-07-03 14:24:51.673270+00:00)
2026-07-03 19:54:51,730 - apscheduler.executors.default - INFO - Job "cleanup (trigger: interval[0:01:00], next run at: 2026-07-03 14:25:51 UTC)" executed successfully
2026-07-03 19:54:56,418 - httpx - INFO - HTTP Request: POST https://api.telegram.org/bot8980589702:AAFheR2QxP-2BXuEXSUw0tjWkc3pjrMOzrw/getUpdates "HTTP/1.1 200 OK"
2026-07-03 19:55:06,733 - httpx - INFO - HTTP Request: POST https://api.telegram.org/bot8980589702:AAFheR2QxP-2BXuEXSUw0tjWkc3pjrMOzrw/getUpdates "HTTP/1.1 200 OK"
2026-07-03 19:55:16,972 - httpx - INFO - HTTP Request: POST https://api.telegram.org/bot8980589702:AAFheR2QxP-2BXuEXSUw0tjWkc3pjrMOzrw/getUpdates "HTTP/1.1 200 OK"
2026-07-03 19:55:27,211 - httpx - INFO - HTTP Request: POST https://api.telegram.org/bot8980589702:AAFheR2QxP-2BXuEXSUw0tjWkc3pjrMOzrw/getUpdates "HTTP/1.1 200 OK"
2026-07-03 19:55:37,421 - httpx - INFO - HTTP Request: POST https://api.telegram.org/bot8980589702:AAFheR2QxP-2BXuEXSUw0tjWkc3pjrMOzrw/getUpdates "HTTP/1.1 200 OK"
2026-07-03 19:55:47,692 - httpx - INFO - HTTP Request: POST https://api.telegram.org/bot8980589702:AAFheR2QxP-2BXuEXSUw0tjWkc3pjrMOzrw/getUpdates "HTTP/1.1 200 OK"
2026-07-03 19:55:51,680 - apscheduler.executors.default - INFO - Running job "cleanup (trigger: interval[0:01:00], next run at: 2026-07-03 14:26:51 UTC)" (scheduled at 2026-07-03 14:25:51.673270+00:00)
2026-07-03 19:55:51,761 - apscheduler.executors.default - INFO - Job "cleanup (trigger: interval[0:01:00], next run at: 2026-07-03 14:26:51 UTC)" executed successfully
2026-07-03 19:55:57,929 - httpx - INFO - HTTP Request: POST https://api.telegram.org/bot8980589702:AAFheR2QxP-2BXuEXSUw0tjWkc3pjrMOzrw/getUpdates "HTTP/1.1 200 OK"
2026-07-03 19:56:08,170 - httpx - INFO - HTTP Request: POST https://api.telegram.org/bot8980589702:AAFheR2QxP-2BXuEXSUw0tjWkc3pjrMOzrw/getUpdates "HTTP/1.1 200 OK"
2026-07-03 19:56:18,356 - httpx - INFO - HTTP Request: POST https://api.telegram.org/bot8980589702:AAFheR2QxP-2BXuEXSUw0tjWkc3pjrMOzrw/getUpdates "HTTP/1.1 200 OK"
2026-07-03 19:56:28,653 - httpx - INFO - HTTP Request: POST https://api.telegram.org/bot8980589702:AAFheR2QxP-2BXuEXSUw0tjWkc3pjrMOzrw/getUpdates "HTTP/1.1 200 OK"
2026-07-03 19:56:38,894 - httpx - INFO - HTTP Request: POST https://api.telegram.org/bot8980589702:AAFheR2QxP-2BXuEXSUw0tjWkc3pjrMOzrw/getUpdates "HTTP/1.1 200 OK"
2026-07-03 19:56:49,130 - httpx - INFO - HTTP Request: POST https://api.telegram.org/bot8980589702:AAFheR2QxP-2BXuEXSUw0tjWkc3pjrMOzrw/getUpdates "HTTP/1.1 200 OK"
2026-07-03 19:56:51,680 - apscheduler.executors.default - INFO - Running job "cleanup (trigger: interval[0:01:00], next run at: 2026-07-03 14:27:51 UTC)" (scheduled at 2026-07-03 14:26:51.673270+00:00)
2026-07-03 19:56:51,751 - apscheduler.executors.default - INFO - Job "cleanup (trigger: interval[0:01:00], next run at: 2026-07-03 14:27:51 UTC)" executed successfully
2026-07-03 19:56:59,371 - httpx - INFO - HTTP Request: POST https://api.telegram.org/bot8980589702:AAFheR2QxP-2BXuEXSUw0tjWkc3pjrMOzrw/getUpdates "HTTP/1.1 200 OK"
2026-07-03 19:57:09,609 - httpx - INFO - HTTP Request: POST https://api.telegram.org/bot8980589702:AAFheR2QxP-2BXuEXSUw0tjWkc3pjrMOzrw/getUpdates "HTTP/1.1 200 OK"
2026-07-03 19:57:19,817 - httpx - INFO - HTTP Request: POST https://api.telegram.org/bot8980589702:AAFheR2QxP-2BXuEXSUw0tjWkc3pjrMOzrw/getUpdates "HTTP/1.1 200 OK"
2026-07-03 19:57:30,037 - httpx - INFO - HTTP Request: POST https://api.telegram.org/bot8980589702:AAFheR2QxP-2BXuEXSUw0tjWkc3pjrMOzrw/getUpdates "HTTP/1.1 200 OK"
2026-07-03 19:57:40,303 - httpx - INFO - HTTP Request: POST https://api.telegram.org/bot8980589702:AAFheR2QxP-2BXuEXSUw0tjWkc3pjrMOzrw/getUpdates "HTTP/1.1 200 OK"
2026-07-03 19:57:50,572 - httpx - INFO - HTTP Request: POST https://api.telegram.org/bot8980589702:AAFheR2QxP-2BXuEXSUw0tjWkc3pjrMOzrw/getUpdates "HTTP/1.1 200 OK"
2026-07-03 19:57:51,677 - apscheduler.executors.default - INFO - Running job "cleanup (trigger: interval[0:01:00], next run at: 2026-07-03 14:28:51 UTC)" (scheduled at 2026-07-03 14:27:51.673270+00:00)
2026-07-03 19:57:51,754 - apscheduler.executors.default - INFO - Job "cleanup (trigger: interval[0:01:00], next run at: 2026-07-03 14:28:51 UTC)" executed successfully
2026-07-03 19:58:00,918 - httpx - INFO - HTTP Request: POST https://api.telegram.org/bot8980589702:AAFheR2QxP-2BXuEXSUw0tjWkc3pjrMOzrw/getUpdates "HTTP/1.1 200 OK"
2026-07-03 19:58:11,117 - httpx - INFO - HTTP Request: POST https://api.telegram.org/bot8980589702:AAFheR2QxP-2BXuEXSUw0tjWkc3pjrMOzrw/getUpdates "HTTP/1.1 200 OK"
2026-07-03 19:58:21,474 - httpx - INFO - HTTP Request: POST https://api.telegram.org/bot8980589702:AAFheR2QxP-2BXuEXSUw0tjWkc3pjrMOzrw/getUpdates "HTTP/1.1 200 OK"
2026-07-03 19:58:31,842 - httpx - INFO - HTTP Request: POST https://api.telegram.org/bot8980589702:AAFheR2QxP-2BXuEXSUw0tjWkc3pjrMOzrw/getUpdates "HTTP/1.1 200 OK"
2026-07-03 19:58:42,084 - httpx - INFO - HTTP Request: POST https://api.telegram.org/bot8980589702:AAFheR2QxP-2BXuEXSUw0tjWkc3pjrMOzrw/getUpdates "HTTP/1.1 200 OK"
2026-07-03 19:58:51,681 - apscheduler.executors.default - INFO - Running job "cleanup (trigger: interval[0:01:00], next run at: 2026-07-03 14:29:51 UTC)" (scheduled at 2026-07-03 14:28:51.673270+00:00)
2026-07-03 19:58:51,729 - apscheduler.executors.default - INFO - Job "cleanup (trigger: interval[0:01:00], next run at: 2026-07-03 14:29:51 UTC)" executed successfully
2026-07-03 19:58:52,320 - httpx - INFO - HTTP Request: POST https://api.telegram.org/bot8980589702:AAFheR2QxP-2BXuEXSUw0tjWkc3pjrMOzrw/getUpdates "HTTP/1.1 200 OK"
2026-07-03 19:59:02,561 - httpx - INFO - HTTP Request: POST https://api.telegram.org/bot8980589702:AAFheR2QxP-2BXuEXSUw0tjWkc3pjrMOzrw/getUpdates "HTTP/1.1 200 OK"
2026-07-03 19:59:12,798 - httpx - INFO - HTTP Request: POST https://api.telegram.org/bot8980589702:AAFheR2QxP-2BXuEXSUw0tjWkc3pjrMOzrw/getUpdates "HTTP/1.1 200 OK"
2026-07-03 19:59:23,037 - httpx - INFO - HTTP Request: POST https://api.telegram.org/bot8980589702:AAFheR2QxP-2BXuEXSUw0tjWkc3pjrMOzrw/getUpdates "HTTP/1.1 200 OK"
2026-07-03 19:59:33,281 - httpx - INFO - HTTP Request: POST https://api.telegram.org/bot8980589702:AAFheR2QxP-2BXuEXSUw0tjWkc3pjrMOzrw/getUpdates "HTTP/1.1 200 OK"
2026-07-03 19:59:43,619 - httpx - INFO - HTTP Request: POST https://api.telegram.org/bot8980589702:AAFheR2QxP-2BXuEXSUw0tjWkc3pjrMOzrw/getUpdates "HTTP/1.1 200 OK"
2026-07-03 19:59:51,683 - apscheduler.executors.default - INFO - Running job "cleanup (trigger: interval[0:01:00], next run at: 2026-07-03 14:30:51 UTC)" (scheduled at 2026-07-03 14:29:51.673270+00:00)
2026-07-03 19:59:51,853 - apscheduler.executors.default - INFO - Job "cleanup (trigger: interval[0:01:00], next run at: 2026-07-03 14:30:51 UTC)" executed successfully
2026-07-03 19:59:53,810 - httpx - INFO - HTTP Request: POST https://api.telegram.org/bot8980589702:AAFheR2QxP-2BXuEXSUw0tjWkc3pjrMOzrw/getUpdates "HTTP/1.1 200 OK"
2026-07-03 20:00:04,040 - httpx - INFO - HTTP Request: POST https://api.telegram.org/bot8980589702:AAFheR2QxP-2BXuEXSUw0tjWkc3pjrMOzrw/getUpdates "HTTP/1.1 200 OK"
2026-07-03 20:00:14,238 - httpx - INFO - HTTP Request: POST https://api.telegram.org/bot8980589702:AAFheR2QxP-2BXuEXSUw0tjWkc3pjrMOzrw/getUpdates "HTTP/1.1 200 OK"
2026-07-03 20:00:24,484 - httpx - INFO - HTTP Request: POST https://api.telegram.org/bot8980589702:AAFheR2QxP-2BXuEXSUw0tjWkc3pjrMOzrw/getUpdates "HTTP/1.1 200 OK"
2026-07-03 20:00:34,829 - httpx - INFO - HTTP Request: POST https://api.telegram.org/bot8980589702:AAFheR2QxP-2BXuEXSUw0tjWkc3pjrMOzrw/getUpdates "HTTP/1.1 200 OK"
2026-07-03 20:00:45,059 - httpx - INFO - HTTP Request: POST https://api.telegram.org/bot8980589702:AAFheR2QxP-2BXuEXSUw0tjWkc3pjrMOzrw/getUpdates "HTTP/1.1 200 OK"
2026-07-03 20:00:51,683 - apscheduler.executors.default - INFO - Running job "cleanup (trigger: interval[0:01:00], next run at: 2026-07-03 14:31:51 UTC)" (scheduled at 2026-07-03 14:30:51.673270+00:00)
2026-07-03 20:00:51,710 - apscheduler.executors.default - INFO - Job "cleanup (trigger: interval[0:01:00], next run at: 2026-07-03 14:31:51 UTC)" executed successfully
2026-07-03 20:00:55,262 - httpx - INFO - HTTP Request: POST https://api.telegram.org/bot8980589702:AAFheR2QxP-2BXuEXSUw0tjWkc3pjrMOzrw/getUpdates "HTTP/1.1 200 OK"
2026-07-03 20:01:06,075 - httpx - INFO - HTTP Request: POST https://api.telegram.org/bot8980589702:AAFheR2QxP-2BXuEXSUw0tjWkc3pjrMOzrw/getUpdates "HTTP/1.1 200 OK"
2026-07-03 20:01:16,287 - httpx - INFO - HTTP Request: POST https://api.telegram.org/bot8980589702:AAFheR2QxP-2BXuEXSUw0tjWkc3pjrMOzrw/getUpdates "HTTP/1.1 200 OK"
2026-07-03 20:01:26,482 - httpx - INFO - HTTP Request: POST https://api.telegram.org/bot8980589702:AAFheR2QxP-2BXuEXSUw0tjWkc3pjrMOzrw/getUpdates "HTTP/1.1 200 OK"
2026-07-03 20:01:36,754 - httpx - INFO - HTTP Request: POST https://api.telegram.org/bot8980589702:AAFheR2QxP-2BXuEXSUw0tjWkc3pjrMOzrw/getUpdates "HTTP/1.1 200 OK"
2026-07-03 20:01:47,015 - httpx - INFO - HTTP Request: POST https://api.telegram.org/bot8980589702:AAFheR2QxP-2BXuEXSUw0tjWkc3pjrMOzrw/getUpdates "HTTP/1.1 200 OK"
2026-07-03 20:01:51,677 - apscheduler.executors.default - INFO - Running job "cleanup (trigger: interval[0:01:00], next run at: 2026-07-03 14:32:51 UTC)" (scheduled at 2026-07-03 14:31:51.673270+00:00)
2026-07-03 20:01:51,703 - apscheduler.executors.default - INFO - Job "cleanup (trigger: interval[0:01:00], next run at: 2026-07-03 14:32:51 UTC)" executed successfully
2026-07-03 20:01:57,254 - httpx - INFO - HTTP Request: POST https://api.telegram.org/bot8980589702:AAFheR2QxP-2BXuEXSUw0tjWkc3pjrMOzrw/getUpdates "HTTP/1.1 200 OK"
2026-07-03 20:02:07,450 - httpx - INFO - HTTP Request: POST https://api.telegram.org/bot8980589702:AAFheR2QxP-2BXuEXSUw0tjWkc3pjrMOzrw/getUpdates "HTTP/1.1 200 OK"
2026-07-03 20:02:17,643 - httpx - INFO - HTTP Request: POST https://api.telegram.org/bot8980589702:AAFheR2QxP-2BXuEXSUw0tjWkc3pjrMOzrw/getUpdates "HTTP/1.1 200 OK"
2026-07-03 20:02:27,836 - httpx - INFO - HTTP Request: POST https://api.telegram.org/bot8980589702:AAFheR2QxP-2BXuEXSUw0tjWkc3pjrMOzrw/getUpdates "HTTP/1.1 200 OK"
2026-07-03 20:02:38,212 - httpx - INFO - HTTP Request: POST https://api.telegram.org/bot8980589702:AAFheR2QxP-2BXuEXSUw0tjWkc3pjrMOzrw/getUpdates "HTTP/1.1 200 OK"
2026-07-03 20:02:48,427 - httpx - INFO - HTTP Request: POST https://api.telegram.org/bot8980589702:AAFheR2QxP-2BXuEXSUw0tjWkc3pjrMOzrw/getUpdates "HTTP/1.1 200 OK"
2026-07-03 20:02:51,679 - apscheduler.executors.default - INFO - Running job "cleanup (trigger: interval[0:01:00], next run at: 2026-07-03 14:33:51 UTC)" (scheduled at 2026-07-03 14:32:51.673270+00:00)
2026-07-03 20:02:51,726 - apscheduler.executors.default - INFO - Job "cleanup (trigger: interval[0:01:00], next run at: 2026-07-03 14:33:51 UTC)" executed successfully
2026-07-03 20:02:58,663 - httpx - INFO - HTTP Request: POST https://api.telegram.org/bot8980589702:AAFheR2QxP-2BXuEXSUw0tjWkc3pjrMOzrw/getUpdates "HTTP/1.1 200 OK"
2026-07-03 20:03:08,916 - httpx - INFO - HTTP Request: POST https://api.telegram.org/bot8980589702:AAFheR2QxP-2BXuEXSUw0tjWkc3pjrMOzrw/getUpdates "HTTP/1.1 200 OK"
2026-07-03 20:03:19,102 - httpx - INFO - HTTP Request: POST https://api.telegram.org/bot8980589702:AAFheR2QxP-2BXuEXSUw0tjWkc3pjrMOzrw/getUpdates "HTTP/1.1 200 OK"
2026-07-03 20:03:29,296 - httpx - INFO - HTTP Request: POST https://api.telegram.org/bot8980589702:AAFheR2QxP-2BXuEXSUw0tjWkc3pjrMOzrw/getUpdates "HTTP/1.1 200 OK"
2026-07-03 20:03:39,554 - httpx - INFO - HTTP Request: POST https://api.telegram.org/bot8980589702:AAFheR2QxP-2BXuEXSUw0tjWkc3pjrMOzrw/getUpdates "HTTP/1.1 200 OK"
2026-07-03 20:03:49,806 - httpx - INFO - HTTP Request: POST https://api.telegram.org/bot8980589702:AAFheR2QxP-2BXuEXSUw0tjWkc3pjrMOzrw/getUpdates "HTTP/1.1 200 OK"
2026-07-03 20:03:51,677 - apscheduler.executors.default - INFO - Running job "cleanup (trigger: interval[0:01:00], next run at: 2026-07-03 14:34:51 UTC)" (scheduled at 2026-07-03 14:33:51.673270+00:00)
2026-07-03 20:03:51,727 - apscheduler.executors.default - INFO - Job "cleanup (trigger: interval[0:01:00], next run at: 2026-07-03 14:34:51 UTC)" executed successfully
2026-07-03 20:04:00,016 - httpx - INFO - HTTP Request: POST https://api.telegram.org/bot8980589702:AAFheR2QxP-2BXuEXSUw0tjWkc3pjrMOzrw/getUpdates "HTTP/1.1 200 OK"
2026-07-03 20:04:10,376 - httpx - INFO - HTTP Request: POST https://api.telegram.org/bot8980589702:AAFheR2QxP-2BXuEXSUw0tjWkc3pjrMOzrw/getUpdates "HTTP/1.1 200 OK"
2026-07-03 20:04:20,617 - httpx - INFO - HTTP Request: POST https://api.telegram.org/bot8980589702:AAFheR2QxP-2BXuEXSUw0tjWkc3pjrMOzrw/getUpdates "HTTP/1.1 200 OK"
2026-07-03 20:04:30,817 - httpx - INFO - HTTP Request: POST https://api.telegram.org/bot8980589702:AAFheR2QxP-2BXuEXSUw0tjWkc3pjrMOzrw/getUpdates "HTTP/1.1 200 OK"
2026-07-03 20:04:41,095 - httpx - INFO - HTTP Request: POST https://api.telegram.org/bot8980589702:AAFheR2QxP-2BXuEXSUw0tjWkc3pjrMOzrw/getUpdates "HTTP/1.1 200 OK"
2026-07-03 20:04:51,340 - httpx - INFO - HTTP Request: POST https://api.telegram.org/bot8980589702:AAFheR2QxP-2BXuEXSUw0tjWkc3pjrMOzrw/getUpdates "HTTP/1.1 200 OK"
2026-07-03 20:04:51,675 - apscheduler.executors.default - INFO - Running job "cleanup (trigger: interval[0:01:00], next run at: 2026-07-03 14:35:51 UTC)" (scheduled at 2026-07-03 14:34:51.673270+00:00)
2026-07-03 20:04:51,714 - apscheduler.executors.default - INFO - Job "cleanup (trigger: interval[0:01:00], next run at: 2026-07-03 14:35:51 UTC)" executed successfully
2026-07-03 20:05:01,678 - httpx - INFO - HTTP Request: POST https://api.telegram.org/bot8980589702:AAFheR2QxP-2BXuEXSUw0tjWkc3pjrMOzrw/getUpdates "HTTP/1.1 200 OK"
2026-07-03 20:05:11,875 - httpx - INFO - HTTP Request: POST https://api.telegram.org/bot8980589702:AAFheR2QxP-2BXuEXSUw0tjWkc3pjrMOzrw/getUpdates "HTTP/1.1 200 OK"
2026-07-03 20:05:22,066 - httpx - INFO - HTTP Request: POST https://api.telegram.org/bot8980589702:AAFheR2QxP-2BXuEXSUw0tjWkc3pjrMOzrw/getUpdates "HTTP/1.1 200 OK"
2026-07-03 20:05:32,256 - httpx - INFO - HTTP Request: POST https://api.telegram.org/bot8980589702:AAFheR2QxP-2BXuEXSUw0tjWkc3pjrMOzrw/getUpdates "HTTP/1.1 200 OK"
2026-07-03 20:05:42,536 - httpx - INFO - HTTP Request: POST https://api.telegram.org/bot8980589702:AAFheR2QxP-2BXuEXSUw0tjWkc3pjrMOzrw/getUpdates "HTTP/1.1 200 OK"
2026-07-03 20:05:51,681 - apscheduler.executors.default - INFO - Running job "cleanup (trigger: interval[0:01:00], next run at: 2026-07-03 14:36:51 UTC)" (scheduled at 2026-07-03 14:35:51.673270+00:00)
2026-07-03 20:05:51,708 - apscheduler.executors.default - INFO - Job "cleanup (trigger: interval[0:01:00], next run at: 2026-07-03 14:36:51 UTC)" executed successfully
2026-07-03 20:05:52,737 - httpx - INFO - HTTP Request: POST https://api.telegram.org/bot8980589702:AAFheR2QxP-2BXuEXSUw0tjWkc3pjrMOzrw/getUpdates "HTTP/1.1 200 OK"
2026-07-03 20:06:02,917 - httpx - INFO - HTTP Request: POST https://api.telegram.org/bot8980589702:AAFheR2QxP-2BXuEXSUw0tjWkc3pjrMOzrw/getUpdates "HTTP/1.1 200 OK"
2026-07-03 20:06:13,110 - httpx - INFO - HTTP Request: POST https://api.telegram.org/bot8980589702:AAFheR2QxP-2BXuEXSUw0tjWkc3pjrMOzrw/getUpdates "HTTP/1.1 200 OK"
2026-07-03 20:06:23,394 - httpx - INFO - HTTP Request: POST https://api.telegram.org/bot8980589702:AAFheR2QxP-2BXuEXSUw0tjWkc3pjrMOzrw/getUpdates "HTTP/1.1 200 OK"
2026-07-03 20:06:33,595 - httpx - INFO - HTTP Request: POST https://api.telegram.org/bot8980589702:AAFheR2QxP-2BXuEXSUw0tjWkc3pjrMOzrw/getUpdates "HTTP/1.1 200 OK"
2026-07-03 20:06:43,782 - httpx - INFO - HTTP Request: POST https://api.telegram.org/bot8980589702:AAFheR2QxP-2BXuEXSUw0tjWkc3pjrMOzrw/getUpdates "HTTP/1.1 200 OK"
2026-07-03 20:06:51,682 - apscheduler.executors.default - INFO - Running job "cleanup (trigger: interval[0:01:00], next run at: 2026-07-03 14:37:51 UTC)" (scheduled at 2026-07-03 14:36:51.673270+00:00)
2026-07-03 20:06:51,733 - apscheduler.executors.default - INFO - Job "cleanup (trigger: interval[0:01:00], next run at: 2026-07-03 14:37:51 UTC)" executed successfully
2026-07-03 20:06:54,219 - httpx - INFO - HTTP Request: POST https://api.telegram.org/bot8980589702:AAFheR2QxP-2BXuEXSUw0tjWkc3pjrMOzrw/getUpdates "HTTP/1.1 200 OK"
2026-07-03 20:07:04,410 - httpx - INFO - HTTP Request: POST https://api.telegram.org/bot8980589702:AAFheR2QxP-2BXuEXSUw0tjWkc3pjrMOzrw/getUpdates "HTTP/1.1 200 OK"
2026-07-03 20:07:14,697 - httpx - INFO - HTTP Request: POST https://api.telegram.org/bot8980589702:AAFheR2QxP-2BXuEXSUw0tjWkc3pjrMOzrw/getUpdates "HTTP/1.1 200 OK"
2026-07-03 20:07:24,903 - httpx - INFO - HTTP Request: POST https://api.telegram.org/bot8980589702:AAFheR2QxP-2BXuEXSUw0tjWkc3pjrMOzrw/getUpdates "HTTP/1.1 200 OK"
2026-07-03 20:07:35,095 - httpx - INFO - HTTP Request: POST https://api.telegram.org/bot8980589702:AAFheR2QxP-2BXuEXSUw0tjWkc3pjrMOzrw/getUpdates "HTTP/1.1 200 OK"
2026-07-03 20:07:45,295 - httpx - INFO - HTTP Request: POST https://api.telegram.org/bot8980589702:AAFheR2QxP-2BXuEXSUw0tjWkc3pjrMOzrw/getUpdates "HTTP/1.1 200 OK"
2026-07-03 20:07:51,677 - apscheduler.executors.default - INFO - Running job "cleanup (trigger: interval[0:01:00], next run at: 2026-07-03 14:38:51 UTC)" (scheduled at 2026-07-03 14:37:51.673270+00:00)
2026-07-03 20:07:51,709 - apscheduler.executors.default - INFO - Job "cleanup (trigger: interval[0:01:00], next run at: 2026-07-03 14:38:51 UTC)" executed successfully
2026-07-03 20:07:55,479 - httpx - INFO - HTTP Request: POST https://api.telegram.org/bot8980589702:AAFheR2QxP-2BXuEXSUw0tjWkc3pjrMOzrw/getUpdates "HTTP/1.1 200 OK"
2026-07-03 20:08:05,783 - httpx - INFO - HTTP Request: POST https://api.telegram.org/bot8980589702:AAFheR2QxP-2BXuEXSUw0tjWkc3pjrMOzrw/getUpdates "HTTP/1.1 200 OK"
2026-07-03 20:08:15,970 - httpx - INFO - HTTP Request: POST https://api.telegram.org/bot8980589702:AAFheR2QxP-2BXuEXSUw0tjWkc3pjrMOzrw/getUpdates "HTTP/1.1 200 OK"
2026-07-03 20:08:26,166 - httpx - INFO - HTTP Request: POST https://api.telegram.org/bot8980589702:AAFheR2QxP-2BXuEXSUw0tjWkc3pjrMOzrw/getUpdates "HTTP/1.1 200 OK"
2026-07-03 20:08:36,349 - httpx - INFO - HTTP Request: POST https://api.telegram.org/bot8980589702:AAFheR2QxP-2BXuEXSUw0tjWkc3pjrMOzrw/getUpdates "HTTP/1.1 200 OK"
2026-07-03 20:08:46,534 - httpx - INFO - HTTP Request: POST https://api.telegram.org/bot8980589702:AAFheR2QxP-2BXuEXSUw0tjWkc3pjrMOzrw/getUpdates "HTTP/1.1 200 OK"
2026-07-03 20:08:51,677 - apscheduler.executors.default - INFO - Running job "cleanup (trigger: interval[0:01:00], next run at: 2026-07-03 14:39:51 UTC)" (scheduled at 2026-07-03 14:38:51.673270+00:00)
2026-07-03 20:08:51,714 - apscheduler.executors.default - INFO - Job "cleanup (trigger: interval[0:01:00], next run at: 2026-07-03 14:39:51 UTC)" executed successfully
2026-07-03 20:08:56,727 - httpx - INFO - HTTP Request: POST https://api.telegram.org/bot8980589702:AAFheR2QxP-2BXuEXSUw0tjWkc3pjrMOzrw/getUpdates "HTTP/1.1 200 OK"
2026-07-03 20:09:07,030 - httpx - INFO - HTTP Request: POST https://api.telegram.org/bot8980589702:AAFheR2QxP-2BXuEXSUw0tjWkc3pjrMOzrw/getUpdates "HTTP/1.1 200 OK"
2026-07-03 20:09:17,217 - httpx - INFO - HTTP Request: POST https://api.telegram.org/bot8980589702:AAFheR2QxP-2BXuEXSUw0tjWkc3pjrMOzrw/getUpdates "HTTP/1.1 200 OK"
2026-07-03 20:09:27,511 - httpx - INFO - HTTP Request: POST https://api.telegram.org/bot8980589702:AAFheR2QxP-2BXuEXSUw0tjWkc3pjrMOzrw/getUpdates "HTTP/1.1 200 OK"
2026-07-03 20:09:37,694 - httpx - INFO - HTTP Request: POST https://api.telegram.org/bot8980589702:AAFheR2QxP-2BXuEXSUw0tjWkc3pjrMOzrw/getUpdates "HTTP/1.1 200 OK"
2026-07-03 20:09:47,876 - httpx - INFO - HTTP Request: POST https://api.telegram.org/bot8980589702:AAFheR2QxP-2BXuEXSUw0tjWkc3pjrMOzrw/getUpdates "HTTP/1.1 200 OK"
2026-07-03 20:09:51,677 - apscheduler.executors.default - INFO - Running job "cleanup (trigger: interval[0:01:00], next run at: 2026-07-03 14:40:51 UTC)" (scheduled at 2026-07-03 14:39:51.673270+00:00)
2026-07-03 20:09:51,709 - apscheduler.executors.default - INFO - Job "cleanup (trigger: interval[0:01:00], next run at: 2026-07-03 14:40:51 UTC)" executed successfully
2026-07-03 20:09:58,136 - httpx - INFO - HTTP Request: POST https://api.telegram.org/bot8980589702:AAFheR2QxP-2BXuEXSUw0tjWkc3pjrMOzrw/getUpdates "HTTP/1.1 200 OK"
2026-07-03 20:10:08,347 - httpx - INFO - HTTP Request: POST https://api.telegram.org/bot8980589702:AAFheR2QxP-2BXuEXSUw0tjWkc3pjrMOzrw/getUpdates "HTTP/1.1 200 OK"
2026-07-03 20:10:10,349 - httpx - INFO - HTTP Request: POST https://api.telegram.org/bot8980589702:AAFheR2QxP-2BXuEXSUw0tjWkc3pjrMOzrw/getUpdates "HTTP/1.1 200 OK"
2026-07-03 20:10:20,648 - httpx - INFO - HTTP Request: POST https://api.telegram.org/bot8980589702:AAFheR2QxP-2BXuEXSUw0tjWkc3pjrMOzrw/getUpdates "HTTP/1.1 200 OK"
2026-07-03 20:10:26,701 - httpx - INFO - HTTP Request: POST https://api.telegram.org/bot8980589702:AAFheR2QxP-2BXuEXSUw0tjWkc3pjrMOzrw/getUpdates "HTTP/1.1 200 OK"
2026-07-03 20:10:26,704 - telegram.ext.Application - INFO - Application is stopping. This might take a moment.
2026-07-03 20:10:26,709 - apscheduler.scheduler - INFO - Scheduler has been shut down
2026-07-03 20:10:26,720 - telegram.ext.Application - INFO - Application.stop() complete
2026-07-03 20:10:33,780 - root - INFO - Starting Cinema Kingdom Bot...
2026-07-03 20:11:42,856 - root - INFO - Starting Cinema Kingdom Bot...
2026-07-03 20:12:33,673 - root - INFO - Starting Cinema Kingdom Bot...
2026-07-03 20:13:50,849 - root - INFO - Starting Cinema Kingdom Bot...
